Running as unit: snaky-audit-comparator-20261007.service; invocation ID: ad72973712ca475593a752ec9353248c
Building ComparatorChallenges.SnakyTwentyOne
⚠ [8924/8924] Built ComparatorChallenges.SnakyTwentyOne (112s)
warning: ComparatorChallenges/SnakyTwentyOne.lean:45:8: declaration uses `sorry`
Build completed successfully (8924 jobs).
Exporting #[Quot, Quot.mk, Quot.lift, Quot.ind, OAI.SnakyPrototype.snaky_winning_strategy_21_with_legal_states, propext, Quot.sound, Classical.choice, Nat.add, Nat.sub, Nat.mul, Nat.pow, Nat.gcd, Nat.div, Nat.mod, Nat.beq, Nat.ble, Nat.land, Nat.lor, Nat.xor, Nat.shiftLeft, Nat.shiftRight, String.ofList, Char.ofNat, List, eagerReduce, Nat, String, String.mk, Char, optParam, autoParam, semiOutParam, outParam] from ComparatorChallenges.SnakyTwentyOne
Building OAI.GameTheory.SnakyTwentyOne.Main
✔ [8924/9017] Built OAI.GameTheory.SnakyTwentyOne.Model (11s)
✔ [8925/9017] Built OAI.GameTheory.SnakyTwentyOne.Semantics.Replies (26s)
✔ [8926/9017] Built OAI.GameTheory.SnakyTwentyOne.Semantics.Game (26s)
✔ [8927/9017] Built OAI.GameTheory.SnakyTwentyOne.Semantics.Policy (12s)
✔ [8928/9017] Built OAI.GameTheory.SnakyTwentyOne.Semantics.Geometry (16s)
✔ [8929/9017] Built OAI.GameTheory.SnakyTwentyOne.Certificate.Operations (8.6s)
✔ [8930/9017] Built OAI.GameTheory.SnakyTwentyOne.Cards.Height01Part01 (7.6s)
✔ [8931/9017] Built OAI.GameTheory.SnakyTwentyOne.Cards.Height02Part02 (27s)
✔ [8932/9017] Built OAI.GameTheory.SnakyTwentyOne.Cards.Height02Part01 (29s)
✔ [8933/9017] Built OAI.GameTheory.SnakyTwentyOne.Cards.Height03Part03 (28s)
✔ [8934/9017] Built OAI.GameTheory.SnakyTwentyOne.Cards.Height03Part01 (29s)
✔ [8935/9017] Built OAI.GameTheory.SnakyTwentyOne.Cards.Height04Part05 (21s)
✔ [8936/9017] Built OAI.GameTheory.SnakyTwentyOne.Cards.Height03Part02 (28s)
✔ [8937/9017] Built OAI.GameTheory.SnakyTwentyOne.Cards.Height05Part07 (12s)
✔ [8938/9017] Built OAI.GameTheory.SnakyTwentyOne.Cards.Height04Part01 (26s)
✔ [8939/9017] Built OAI.GameTheory.SnakyTwentyOne.Cards.Height04Part02 (28s)
✔ [8940/9017] Built OAI.GameTheory.SnakyTwentyOne.Cards.Height04Part03 (27s)
✔ [8941/9017] Built OAI.GameTheory.SnakyTwentyOne.Cards.Height07Part06 (13s)
✔ [8942/9017] Built OAI.GameTheory.SnakyTwentyOne.Cards.Height04Part04 (22s)
✔ [8943/9017] Built OAI.GameTheory.SnakyTwentyOne.Cards.Height05Part05 (31s)
✔ [8944/9017] Built OAI.GameTheory.SnakyTwentyOne.Cards.Height05Part01 (37s)
✔ [8945/9017] Built OAI.GameTheory.SnakyTwentyOne.Cards.Height05Part02 (33s)
✔ [8946/9017] Built OAI.GameTheory.SnakyTwentyOne.Cards.Height05Part03 (33s)
✔ [8947/9017] Built OAI.GameTheory.SnakyTwentyOne.Cards.Height05Part06 (28s)
✔ [8948/9017] Built OAI.GameTheory.SnakyTwentyOne.Cards.Height05Part04 (27s)
✔ [8949/9017] Built OAI.GameTheory.SnakyTwentyOne.Cards.Height06Part06 (30s)
✔ [8950/9017] Built OAI.GameTheory.SnakyTwentyOne.Cards.Height06Part01 (41s)
✔ [8951/9017] Built OAI.GameTheory.SnakyTwentyOne.Cards.Height06Part02 (35s)
✔ [8952/9017] Built OAI.GameTheory.SnakyTwentyOne.Cards.Height06Part05 (28s)
✔ [8953/9017] Built OAI.GameTheory.SnakyTwentyOne.Cards.Height06Part03 (32s)
✔ [8954/9017] Built OAI.GameTheory.SnakyTwentyOne.Cards.Height06Part04 (27s)
✔ [8955/9017] Built OAI.GameTheory.SnakyTwentyOne.Cards.Height07Part04 (30s)
✔ [8956/9017] Built OAI.GameTheory.SnakyTwentyOne.Cards.Height07Part03 (30s)
✔ [8957/9017] Built OAI.GameTheory.SnakyTwentyOne.Cards.Height07Part01 (37s)
✔ [8958/9017] Built OAI.GameTheory.SnakyTwentyOne.Cards.Height07Part02 (34s)
✔ [8959/9017] Built OAI.GameTheory.SnakyTwentyOne.Cards.Height07Part05 (34s)
✔ [8960/9017] Built OAI.GameTheory.SnakyTwentyOne.Cards.Height08Part05 (34s)
✔ [8961/9017] Built OAI.GameTheory.SnakyTwentyOne.Cards.Height08Part02 (33s)
✔ [8962/9017] Built OAI.GameTheory.SnakyTwentyOne.Cards.Height08Part04 (37s)
✔ [8963/9017] Built OAI.GameTheory.SnakyTwentyOne.Cards.Height08Part03 (37s)
✔ [8964/9017] Built OAI.GameTheory.SnakyTwentyOne.Cards.Height08Part01 (40s)
✔ [8965/9017] Built OAI.GameTheory.SnakyTwentyOne.Cards.Height09Part05 (23s)
✔ [8966/9017] Built OAI.GameTheory.SnakyTwentyOne.Cards.Height09Part03 (34s)
✔ [8967/9017] Built OAI.GameTheory.SnakyTwentyOne.Cards.Height09Part07 (38s)
✔ [8968/9017] Built OAI.GameTheory.SnakyTwentyOne.Cards.Height09Part06 (26s)
✔ [8969/9017] Built OAI.GameTheory.SnakyTwentyOne.Cards.Height09Part08 (32s)
✔ [8970/9017] Built OAI.GameTheory.SnakyTwentyOne.Cards.Height09Part04 (34s)
✔ [8971/9017] Built OAI.GameTheory.SnakyTwentyOne.Cards.Height15Part04 (22s)
✔ [8972/9017] Built OAI.GameTheory.SnakyTwentyOne.Cards.Height09Part01 (37s)
✔ [8973/9017] Built OAI.GameTheory.SnakyTwentyOne.Cards.Height10Part07 (13s)
✔ [8974/9017] Built OAI.GameTheory.SnakyTwentyOne.Cards.Height09Part02 (28s)
✔ [8975/9017] Built OAI.GameTheory.SnakyTwentyOne.Cards.Height10Part03 (46s)
✔ [8976/9017] Built OAI.GameTheory.SnakyTwentyOne.Cards.Height10Part05 (39s)
✔ [8977/9017] Built OAI.GameTheory.SnakyTwentyOne.Cards.Height10Part06 (35s)
✔ [8978/9017] Built OAI.GameTheory.SnakyTwentyOne.Cards.Height10Part04 (31s)
✔ [8979/9017] Built OAI.GameTheory.SnakyTwentyOne.Cards.Height10Part01 (55s)
✔ [8980/9017] Built OAI.GameTheory.SnakyTwentyOne.Cards.Height10Part02 (44s)
✔ [8981/9017] Built OAI.GameTheory.SnakyTwentyOne.Cards.Height13Part07 (20s)
✔ [8982/9017] Built OAI.GameTheory.SnakyTwentyOne.Cards.Height11Part01 (37s)
✔ [8983/9017] Built OAI.GameTheory.SnakyTwentyOne.Cards.Height11Part03 (30s)
✔ [8984/9017] Built OAI.GameTheory.SnakyTwentyOne.Cards.Height11Part06 (36s)
✔ [8985/9017] Built OAI.GameTheory.SnakyTwentyOne.Cards.Height11Part05 (53s)
✔ [8986/9017] Built OAI.GameTheory.SnakyTwentyOne.Cards.Height11Part04 (43s)
✔ [8987/9017] Built OAI.GameTheory.SnakyTwentyOne.Cards.Height11Part02 (51s)
✔ [8988/9017] Built OAI.GameTheory.SnakyTwentyOne.Cards.Height12Part01 (53s)
✔ [8989/9017] Built OAI.GameTheory.SnakyTwentyOne.Cards.Height13Part06 (60s)
✔ [8990/9017] Built OAI.GameTheory.SnakyTwentyOne.Cards.Height12Part03 (43s)
✔ [8991/9017] Built OAI.GameTheory.SnakyTwentyOne.Cards.Height12Part05 (57s)
✔ [8992/9017] Built OAI.GameTheory.SnakyTwentyOne.Cards.Height12Part04 (44s)
✔ [8993/9017] Built OAI.GameTheory.SnakyTwentyOne.Cards.Height12Part02 (36s)
✔ [8994/9017] Built OAI.GameTheory.SnakyTwentyOne.Cards.Height13Part05 (58s)
✔ [8995/9017] Built OAI.GameTheory.SnakyTwentyOne.Cards.Height16Part03 (48s)
✔ [8996/9017] Built OAI.GameTheory.SnakyTwentyOne.Cards.Height13Part01 (63s)
✔ [8997/9017] Built OAI.GameTheory.SnakyTwentyOne.Cards.Height13Part02 (53s)
✔ [8998/9017] Built OAI.GameTheory.SnakyTwentyOne.Cards.Height13Part04 (42s)
✔ [8999/9017] Built OAI.GameTheory.SnakyTwentyOne.Cards.Height13Part03 (53s)
✔ [9000/9017] Built OAI.GameTheory.SnakyTwentyOne.Cards.Height14Part01 (44s)
✔ [9001/9017] Built OAI.GameTheory.SnakyTwentyOne.Cards.Height14Part03 (52s)
✔ [9002/9017] Built OAI.GameTheory.SnakyTwentyOne.Cards.Height14Part02 (56s)
✔ [9003/9017] Built OAI.GameTheory.SnakyTwentyOne.Cards.Height14Part04 (45s)
✔ [9004/9017] Built OAI.GameTheory.SnakyTwentyOne.Cards.Height15Part02 (73s)
✔ [9005/9017] Built OAI.GameTheory.SnakyTwentyOne.Cards.Height15Part01 (81s)
✔ [9006/9017] Built OAI.GameTheory.SnakyTwentyOne.Cards.Height16Part02 (36s)
          Finished with result: timeout
Main processes terminated with: code=killed, status=15/TERM
               Service runtime: 30min 224ms
             CPU time consumed: 51min 55.006s
                   Memory peak: 8G (swap: 448.1M)
