Running as unit: pi-audit-comparator-20261006.service; invocation ID: b7af730de63c4b21aceb1e6c60636345
Building ComparatorChallenges.PiExponent
⚠ [8924/8924] Replayed ComparatorChallenges.PiExponent
warning: ComparatorChallenges/PiExponent.lean:7:8: declaration uses `sorry`
Build completed successfully (8924 jobs).
Exporting #[Quot, Quot.mk, Quot.lift, Quot.ind, OAI.PiExponent.main, propext, Quot.sound, Classical.choice, Nat.add, Nat.sub, Nat.mul, Nat.pow, Nat.gcd, Nat.div, Nat.mod, Nat.beq, Nat.ble, Nat.land, Nat.lor, Nat.xor, Nat.shiftLeft, Nat.shiftRight, String.ofList, Char.ofNat, List, eagerReduce, Nat, String, String.mk, Char, optParam, autoParam, semiOutParam, outParam] from ComparatorChallenges.PiExponent
Building OAI.NumberTheory.PiExponent.Main
✔ [8923/8988] Built OAI.NumberTheory.PiExponent.Cohomology.ProjectiveMonomialCech (1.9s)
✔ [8924/8988] Built OAI.NumberTheory.PiExponent.Geometry.ProjectiveCharts (9.3s)
✔ [8925/8988] Built OAI.NumberTheory.PiExponent.Approximation.OpenBaseChange (12s)
✔ [8926/8988] Built OAI.NumberTheory.PiExponent.Ampleness.BlowupSchemeExt (9.5s)
✔ [8927/8988] Built OAI.NumberTheory.PiExponent.Ampleness.ReesPushdown (22s)
✔ [8928/8988] Built OAI.NumberTheory.PiExponent.Geometry.LineBundleTensor (51s)
✔ [8929/8988] Built OAI.NumberTheory.PiExponent.Cohomology.FiniteCoverCohomology (42s)
✔ [8930/8992] Built OAI.NumberTheory.PiExponent.Cohomology.ProjectiveLaurentVertex (13s)
✔ [8931/8992] Built OAI.NumberTheory.PiExponent.Geometry.PolynomialProjectiveStructure (6.3s)
✔ [8932/8992] Built OAI.NumberTheory.PiExponent.Geometry.ProjectiveChartOverlaps (11s)
✔ [8933/8992] Built OAI.NumberTheory.PiExponent.Approximation.TensorPure (21s)
✔ [8934/8992] Built OAI.NumberTheory.PiExponent.Geometry.LineBundleGluing (27s)
✔ [8935/8992] Built OAI.NumberTheory.PiExponent.Approximation.LinePullback (7.0s)
✔ [8936/8992] Built OAI.NumberTheory.PiExponent.Ampleness.AmpleIso (6.4s)
✔ [8937/8992] Built OAI.NumberTheory.PiExponent.Polynomials.FrameCoefficients (9.2s)
✔ [8938/8992] Built OAI.NumberTheory.PiExponent.Geometry.ProjectiveChartSections (9.4s)
✔ [8939/8992] Built OAI.NumberTheory.PiExponent.Approximation.CoherentTwistPresentation (33s)
✔ [8940/8997] Built OAI.NumberTheory.PiExponent.Geometry.ProjectiveChartRingNaturalityCore (21s)
✔ [8941/8997] Built OAI.NumberTheory.PiExponent.Geometry.ProjectiveRatioCocycle (7.3s)
✔ [8942/8997] Built OAI.NumberTheory.PiExponent.Approximation.PushforwardTensor (8.7s)
✔ [8943/8997] Built OAI.NumberTheory.PiExponent.Approximation.FrameSubopens (6.3s)
✔ [8944/8997] Built OAI.NumberTheory.PiExponent.Geometry.LineBundleGluingTransitions (9.6s)
✔ [8945/8997] Built OAI.NumberTheory.PiExponent.Approximation.FrameSections (13s)
✔ [8946/8997] Built OAI.NumberTheory.PiExponent.Approximation.LinePowerLaws (14s)
✔ [8947/8997] Built OAI.NumberTheory.PiExponent.Approximation.FrameTensorPowers (32s)
✔ [8948/8997] Built OAI.NumberTheory.PiExponent.Geometry.ProjectiveChartRingNaturality (14s)
✔ [8949/8997] Built OAI.NumberTheory.PiExponent.Geometry.ProjectiveFrameNaturality (11s)
✔ [8950/8997] Built OAI.NumberTheory.PiExponent.Geometry.LineBundleGluingSections (15s)
✔ [8951/8997] Built OAI.NumberTheory.PiExponent.Approximation.TensorOpenBaseChange (39s)
✔ [8952/8997] Built OAI.NumberTheory.PiExponent.Approximation.SectionPullback (6.5s)
✔ [8953/8997] Built OAI.NumberTheory.PiExponent.Approximation.SectionOpens (7.2s)
✔ [8954/8997] Built OAI.NumberTheory.PiExponent.LocalAlgebra.IdealModule (12s)
✔ [8955/8997] Built OAI.NumberTheory.PiExponent.Approximation.FramedPullback (7.4s)
✔ [8956/8997] Built OAI.NumberTheory.PiExponent.Geometry.ProjectiveCoordinates (12s)
✔ [8957/8997] Built OAI.NumberTheory.PiExponent.Approximation.TensorPowerRestriction (30s)
✔ [8958/8997] Built OAI.NumberTheory.PiExponent.Approximation.IntegralLineSections (9.7s)
✔ [8959/8998] Built OAI.NumberTheory.PiExponent.Approximation.LinePullbackPowers (15s)
✔ [8960/8998] Built OAI.NumberTheory.PiExponent.Polynomials.PullbackFrameCoefficient (7.1s)
✔ [8961/9004] Built OAI.NumberTheory.PiExponent.Ampleness.BlowupIdeal (12s)
✔ [8962/9004] Built OAI.NumberTheory.PiExponent.Geometry.ProjectiveO1Sections (7.2s)
✔ [8963/9004] Built OAI.NumberTheory.PiExponent.Geometry.ProjectiveCoordinateValues (7.6s)
✔ [8964/9004] Built OAI.NumberTheory.PiExponent.Geometry.ProjectiveFramedAtlas (7.6s)
✔ [8965/9004] Built OAI.NumberTheory.PiExponent.Geometry.ProjectiveEmbeddingCharts (8.7s)
✔ [8966/9004] Built OAI.NumberTheory.PiExponent.Approximation.SectionPowerOpens (6.8s)
✔ [8967/9004] Built OAI.NumberTheory.PiExponent.Ampleness.ClosedAmpleRestriction (6.4s)
✔ [8968/9004] Built OAI.NumberTheory.PiExponent.Geometry.LineBundleProduct (6.8s)
✔ [8969/9004] Built OAI.NumberTheory.PiExponent.Polynomials.GradedSubring (6.6s)
✔ [8970/9004] Built OAI.NumberTheory.PiExponent.Geometry.ProjectivePullbackFrames (6.0s)
✔ [8971/9004] Built OAI.NumberTheory.PiExponent.Polynomials.WeightedMonomialMap (7.4s)
✔ [8972/9004] Built OAI.NumberTheory.PiExponent.Ampleness.ReesExceptional (11s)
✔ [8973/9004] Built OAI.NumberTheory.PiExponent.Approximation.PowerSectionExtension (9.8s)
✔ [8974/9004] Built OAI.NumberTheory.PiExponent.Geometry.ProjectiveFramedSections (13s)
✔ [8975/9004] Built OAI.NumberTheory.PiExponent.Ampleness.AmpleCommonDegree (6.3s)
✔ [8976/9004] Built OAI.NumberTheory.PiExponent.Approximation.TensorSectionOpen (11s)
✔ [8977/9004] Built OAI.NumberTheory.PiExponent.Approximation.SectionPowerFrames (17s)
✔ [8978/9004] Built OAI.NumberTheory.PiExponent.Geometry.ProjectiveSectionsPullback (11s)
✔ [8979/9004] Built OAI.NumberTheory.PiExponent.Polynomials.WeightedMonomialImage (14s)
✔ [8980/9004] Built OAI.NumberTheory.PiExponent.Ampleness.ReesPrincipalLift (18s)
✔ [8981/9004] Built OAI.NumberTheory.PiExponent.Ampleness.ReesUniversalUniqueness (24s)
✔ [8982/9010] Built OAI.NumberTheory.PiExponent.Ampleness.AmpleProjectiveSections (27s)
✔ [8983/9010] Built OAI.NumberTheory.PiExponent.LocalAlgebra.InvertibleIdealLocal (30s)
✔ [8984/9010] Built OAI.NumberTheory.PiExponent.Geometry.ProjectiveCoordinateSections (17s)
✔ [8985/9010] Built OAI.NumberTheory.PiExponent.Approximation.WeightedCompactification (20s)
✔ [8986/9010] Built OAI.NumberTheory.PiExponent.Ampleness.AmpleFromCover (7.4s)
✔ [8987/9010] Built OAI.NumberTheory.PiExponent.Polynomials.SurjectiveGradedMap (6.4s)
✔ [8988/9010] Built OAI.NumberTheory.PiExponent.Ampleness.AffineBlowupUniversal (6.6s)
✔ [8989/9010] Built OAI.NumberTheory.PiExponent.LocalAlgebra.GlobalInvertibleIdeal (8.2s)
✔ [8990/9011] Built OAI.NumberTheory.PiExponent.Geometry.ProjectiveCoordinateFiniteSections (8.7s)
✔ [8991/9011] Built OAI.NumberTheory.PiExponent.Geometry.ProjectiveDenseChart (6.6s)
✔ [8992/9013] Built OAI.NumberTheory.PiExponent.Ampleness.BlowupUniversalBaseChange (6.5s)
✔ [8993/9013] Built OAI.NumberTheory.PiExponent.Approximation.WeightedCompactificationImmersion (21s)
✔ [8994/9015] Built OAI.NumberTheory.PiExponent.Geometry.ProjectiveCoordinateRingNaturality (13s)
✔ [8995/9015] Built OAI.NumberTheory.PiExponent.Polynomials.SimplexFloor (6.7s)
✔ [8996/9015] Built OAI.NumberTheory.PiExponent.Geometry.ProjectiveSpaceIntegral (6.3s)
✔ [8997/9015] Built OAI.NumberTheory.PiExponent.Ampleness.GlobalBlowupGluing (7.7s)
✔ [8998/9015] Built OAI.NumberTheory.PiExponent.Polynomials.SimplexUnweighted (6.8s)
✔ [8999/9015] Built OAI.NumberTheory.PiExponent.Geometry.WeightedProjectiveStructure (6.3s)
✔ [9000/9015] Built OAI.NumberTheory.PiExponent.Geometry.ProjectiveCoordinateConstants (9.9s)
✔ [9001/9015] Built OAI.NumberTheory.PiExponent.Polynomials.SimplexRationalWeights (6.3s)
✔ [9002/9015] Built OAI.NumberTheory.PiExponent.Ampleness.GlobalBlowupRestriction (6.7s)
✔ [9003/9015] Built OAI.NumberTheory.PiExponent.Ampleness.BlowupComplement (6.5s)
✔ [9004/9016] Built OAI.NumberTheory.PiExponent.Polynomials.SimplexCounting (9.5s)
✔ [9005/9016] Built OAI.NumberTheory.PiExponent.Geometry.WeightedProjectiveLineBundle (20s)
✔ [9006/9017] Built OAI.NumberTheory.PiExponent.Geometry.ProjectiveO1ChartMap (14s)
✔ [9007/9017] Built OAI.NumberTheory.PiExponent.Approximation.WeightedGeometryScale (7.4s)
✔ [9008/9019] Built OAI.NumberTheory.PiExponent.Ampleness.BlowupProperIntegral (9.0s)
✔ [9009/9019] Built OAI.NumberTheory.PiExponent.Approximation.Arithmetic (5.3s)
✔ [9010/9019] Built OAI.NumberTheory.PiExponent.Geometry.ProjectiveO1LocalIdentity (6.5s)
✔ [9011/9019] Built OAI.NumberTheory.PiExponent.Approximation.InterpolationMatrix (7.9s)
✔ [9012/9019] Built OAI.NumberTheory.PiExponent.Approximation.RowTranslation (9.5s)
✔ [9013/9021] Built OAI.NumberTheory.PiExponent.Approximation.MatrixArithmetic (9.8s)
✔ [9014/9021] Built OAI.NumberTheory.PiExponent.Geometry.ProjectiveO1Morphism (13s)
✔ [9015/9021] Built OAI.NumberTheory.PiExponent.Approximation.Sigma (6.1s)
✔ [9016/9023] Built OAI.NumberTheory.PiExponent.Geometry.ProjectiveO1Identity (6.5s)
✔ [9017/9024] Built OAI.NumberTheory.PiExponent.Ampleness.ProjectiveO1Ample (5.7s)
✔ [9018/9024] Built OAI.NumberTheory.PiExponent.Approximation.Parameters (19s)
✔ [9019/9024] Built OAI.NumberTheory.PiExponent.Approximation.ApproximationSelection (6.1s)
✔ [9020/9024] Built OAI.NumberTheory.PiExponent.Approximation.WeightErrorMargin (6.0s)
✔ [9021/9026] Built OAI.NumberTheory.PiExponent.Geometry.WeightedProjectiveEmbedding (15s)
✔ [9022/9027] Built OAI.NumberTheory.PiExponent.Approximation.SuccessiveApproximations (6.6s)
✔ [9023/9027] Built OAI.NumberTheory.PiExponent.Ampleness.WeightedProjectiveAmple (6.0s)
✔ [9024/9030] Built OAI.NumberTheory.PiExponent.Approximation.WeightSeparationProducts (1.7s)
✔ [9025/9030] Built OAI.NumberTheory.PiExponent.Approximation.WeightSeparationConstant (2.0s)
✔ [9026/9031] Built OAI.NumberTheory.PiExponent.Approximation.WeightSeparation (2.1s)
✔ [9027/9032] Built OAI.NumberTheory.PiExponent.Analysis.DimensionLimits (2.2s)
✔ [9028/9032] Built OAI.NumberTheory.PiExponent.LocalAlgebra.Dimension (2.7s)
✔ [9029/9032] Built OAI.NumberTheory.PiExponent.Approximation.WeightedSliceDegree (7.2s)
✔ [9030/9036] Built OAI.NumberTheory.PiExponent.Approximation.PersistentComponents (6.4s)
✔ [9031/9036] Built OAI.NumberTheory.PiExponent.Polynomials.PolynomialFrameDegree (2.4s)
✔ [9032/9036] Built OAI.NumberTheory.PiExponent.Polynomials.PolynomialFrame (2.3s)
✔ [9033/9040] Built OAI.NumberTheory.PiExponent.Approximation.AdmissibleParameters (10s)
✔ [9034/9040] Built OAI.NumberTheory.PiExponent.Geometry.CurveContact (7.3s)
✔ [9035/9040] Built OAI.NumberTheory.PiExponent.Analysis.LogarithmicObstruction (5.6s)
✔ [9036/9042] Built OAI.NumberTheory.PiExponent.LocalAlgebra.TranscendenceBasisReduction (3.9s)
✔ [9037/9043] Built OAI.NumberTheory.PiExponent.Approximation.FrameEquationFamily (6.2s)
✔ [9038/9046] Built OAI.NumberTheory.PiExponent.Analysis.AlgebraicLogarithmicObstruction (4.5s)
✔ [9039/9048] Built OAI.NumberTheory.PiExponent.Jets.PolynomialTangentDifferential (5.4s)
✔ [9040/9048] Built OAI.NumberTheory.PiExponent.Jets.NormalBasisRigidity (7.8s)
✔ [9041/9048] Built OAI.NumberTheory.PiExponent.Jets.DifferentialConstant (2.9s)
✔ [9042/9050] Built OAI.NumberTheory.PiExponent.Polynomials.PolynomialNormalNonzero (9.2s)
✔ [9043/9050] Built OAI.NumberTheory.PiExponent.Jets.NormalFrameBasis (7.4s)
✔ [9044/9054] Built OAI.NumberTheory.PiExponent.Jets.DerivativeIdeals (6.9s)
✔ [9045/9054] Built OAI.NumberTheory.PiExponent.LocalAlgebra.PrimeNormalRigidity (9.3s)
✔ [9046/9054] Built OAI.NumberTheory.PiExponent.Jets.ConormalPairing (2.4s)
✔ [9047/9054] Built OAI.NumberTheory.PiExponent.Jets.OrdinaryDerivativeIdeals (6.8s)
✔ [9048/9054] Built OAI.NumberTheory.PiExponent.Approximation.GenericNormalRigidity (6.5s)
✔ [9049/9055] Built OAI.NumberTheory.PiExponent.Jets.ResidueConormalPairing (2.6s)
✔ [9050/9055] Built OAI.NumberTheory.PiExponent.Approximation.FibreNormalRigidity (11s)
✔ [9051/9055] Built OAI.NumberTheory.PiExponent.Jets.PrimeNormalCotangent (6.6s)
✔ [9052/9059] Built OAI.NumberTheory.PiExponent.Approximation.RectangularVolume (6.4s)
✔ [9053/9063] Built OAI.NumberTheory.PiExponent.Approximation.GenericFibreRigidity (6.3s)
✔ [9054/9063] Built OAI.NumberTheory.PiExponent.Jets.FilteredLength (6.4s)
✔ [9055/9063] Built OAI.NumberTheory.PiExponent.Jets.IntrinsicLength (6.3s)
✔ [9056/9063] Built OAI.NumberTheory.PiExponent.Jets.JetGeometry (2.8s)
✔ [9057/9066] Built OAI.NumberTheory.PiExponent.Approximation.OrdinaryComponentRigidity (6.5s)
✔ [9058/9067] Built OAI.NumberTheory.PiExponent.Jets.GradedGeneration (7.3s)
✔ [9059/9070] Built OAI.NumberTheory.PiExponent.Jets.CommutingTaylor (8.6s)
✔ [9060/9075] Built OAI.NumberTheory.PiExponent.Jets.CotangentGeneration (6.6s)
✔ [9061/9075] Built OAI.NumberTheory.PiExponent.LocalAlgebra.PrimeNormalKernel (4.2s)
✔ [9062/9076] Built OAI.NumberTheory.PiExponent.LocalAlgebra.QuotientLengthEquivalence (2.2s)
✔ [9063/9076] Built OAI.NumberTheory.PiExponent.LocalAlgebra.LocalizedLengthEquivalence (2.4s)
✔ [9064/9076] Built OAI.NumberTheory.PiExponent.LocalAlgebra.LocalLengthTransport (2.4s)
✔ [9065/9078] Built OAI.NumberTheory.PiExponent.Jets.TransverseMultiplicity (9.6s)
✔ [9066/9078] Built OAI.NumberTheory.PiExponent.LocalAlgebra.LocalizationQuotientParameters (3.7s)
✔ [9067/9078] Built OAI.NumberTheory.PiExponent.Jets.TaylorRectangular (8.1s)
✔ [9068/9078] Built OAI.NumberTheory.PiExponent.Jets.RectangularCotangent (8.6s)
✔ [9069/9078] Built OAI.NumberTheory.PiExponent.LocalAlgebra.WeightedBezout (4.8s)
✔ [9070/9078] Built OAI.NumberTheory.PiExponent.Jets.TransverseWeightedMultiplicity (6.8s)
✔ [9071/9078] Built OAI.NumberTheory.PiExponent.LocalAlgebra.PrimeResidueAlgebraEquiv (2.7s)
✔ [9072/9078] Built OAI.NumberTheory.PiExponent.Jets.OrdinaryTaylor (7.0s)
✔ [9073/9078] Built OAI.NumberTheory.PiExponent.Jets.PrimeTaylorCotangent (8.4s)
✔ [9074/9078] Built OAI.NumberTheory.PiExponent.LocalAlgebra.SeparablePointLength (9.3s)
✔ [9075/9078] Built OAI.NumberTheory.PiExponent.Jets.NormalBasisProducts (7.1s)
✔ [9076/9082] Built OAI.NumberTheory.PiExponent.LocalAlgebra.CoordinateFiniteSlice (7.5s)
✔ [9077/9087] Built OAI.NumberTheory.PiExponent.LocalAlgebra.OrdinaryMultiplicity (7.7s)
✔ [9078/9088] Built OAI.NumberTheory.PiExponent.Polynomials.PolynomialLocalResidueResolution (3.9s)
✔ [9079/9090] Built OAI.NumberTheory.PiExponent.Polynomials.PolynomialCoefficientLocalization (3.5s)
✔ [9080/9090] Built OAI.NumberTheory.PiExponent.Polynomials.RationalResidueCoefficientField (4.1s)
✔ [9081/9090] Built OAI.NumberTheory.PiExponent.LocalAlgebra.CoordinateTranscendenceLocalization (3.1s)
✔ [9082/9090] Built OAI.NumberTheory.PiExponent.LocalAlgebra.PointLengthEquiv (3.7s)
✔ [9083/9090] Built OAI.NumberTheory.PiExponent.Polynomials.CoefficientLocalizationMaximal (4.5s)
✔ [9084/9096] Built OAI.NumberTheory.PiExponent.LocalAlgebra.CoordinateTranscendenceBasis (11s)
✔ [9085/9096] Built OAI.NumberTheory.PiExponent.LocalAlgebra.SplitCoordinateClosedPoint (3.7s)
✔ [9086/9096] Built OAI.NumberTheory.PiExponent.Polynomials.Homogenization (2.3s)
✔ [9087/9098] Built OAI.NumberTheory.PiExponent.LocalAlgebra.FlatLocalLength (3.2s)
✔ [9088/9099] Built OAI.NumberTheory.PiExponent.LocalAlgebra.ConeLocalLength (4.5s)
✔ [9089/9099] Built OAI.NumberTheory.PiExponent.LocalAlgebra.SplitClosedPointCompatibility (4.0s)
✔ [9090/9099] Built OAI.NumberTheory.PiExponent.LocalAlgebra.LocalLength (2.1s)
✔ [9091/9101] Built OAI.NumberTheory.PiExponent.LocalAlgebra.ConePrimeLocalization (3.5s)
✔ [9092/9101] Built OAI.NumberTheory.PiExponent.Polynomials.ConeHomogeneousEquations (2.7s)
✔ [9093/9101] Built OAI.NumberTheory.PiExponent.Polynomials.PolynomialPrimeClosedPointEquiv (4.9s)
✔ [9094/9101] Built OAI.NumberTheory.PiExponent.LocalAlgebra.LocalizedComponent (2.1s)
✔ [9095/9103] Built OAI.NumberTheory.PiExponent.LocalAlgebra.ConeEquationLength (3.6s)
✔ [9096/9103] Built OAI.NumberTheory.PiExponent.Geometry.ConePrimeProperties (3.5s)
✔ [9097/9103] Built OAI.NumberTheory.PiExponent.LocalAlgebra.LocalizedRadical (2.1s)
✔ [9098/9103] Built OAI.NumberTheory.PiExponent.LocalAlgebra.ConeRegularSequence (4.3s)
✔ [9099/9105] Built OAI.NumberTheory.PiExponent.LocalAlgebra.RegularDegreePositivity (3.5s)
✔ [9100/9105] Built OAI.NumberTheory.PiExponent.LocalAlgebra.CoordinateSliceLength (11s)
✔ [9101/9105] Built OAI.NumberTheory.PiExponent.LocalAlgebra.GenericCombination (2.2s)
✔ [9102/9105] Built OAI.NumberTheory.PiExponent.Ampleness.LocalHomogeneousDegrees (3.6s)
✔ [9103/9108] Built OAI.NumberTheory.PiExponent.LocalAlgebra.IsolatedIntersectionSteps (2.5s)
✔ [9104/9108] Built OAI.NumberTheory.PiExponent.LocalAlgebra.CyclicPrimeFactor (2.3s)
✔ [9105/9108] Built OAI.NumberTheory.PiExponent.LocalAlgebra.SubquotientLength (2.3s)
✔ [9106/9110] Built OAI.NumberTheory.PiExponent.Approximation.CoordinateSliceComparison (9.1s)
✔ [9107/9110] Built OAI.NumberTheory.PiExponent.LocalAlgebra.LocalIntersectionLength (3.1s)
✔ [9108/9116] Built OAI.NumberTheory.PiExponent.LocalAlgebra.FiniteFreeExtTransfer (2.5s)
✔ [9109/9120] Built OAI.NumberTheory.PiExponent.LocalAlgebra.FreeResolutionAssociatedHeight (3.2s)
✔ [9110/9120] Built OAI.NumberTheory.PiExponent.Polynomials.PolynomialLocalUnmixedness (3.8s)
✔ [9111/9120] Built OAI.NumberTheory.PiExponent.Polynomials.HomogeneousSections (2.6s)
✔ [9112/9120] Built OAI.NumberTheory.PiExponent.LocalAlgebra.PairResolutionShortComplex (2.8s)
✔ [9113/9120] Built OAI.NumberTheory.PiExponent.LocalAlgebra.QuotientSections (3.4s)
✔ [9114/9120] Built OAI.NumberTheory.PiExponent.LocalAlgebra.RegularPairExtObstruction (2.7s)
✔ [9115/9120] Built OAI.NumberTheory.PiExponent.Polynomials.PolynomialAssociatedLocalization (3.1s)
✔ [9116/9123] Built OAI.NumberTheory.PiExponent.LocalAlgebra.PrimeHilbertDegree (3.0s)
✔ [9117/9123] Built OAI.NumberTheory.PiExponent.LocalAlgebra.RegularPrefixLocalization (3.3s)
✔ [9118/9123] Built OAI.NumberTheory.PiExponent.LocalAlgebra.HilbertGrowthComparison (3.1s)
✔ [9119/9133] Built OAI.NumberTheory.PiExponent.LocalAlgebra.LocalPrefixCutDimension (2.0s)
✔ [9120/9134] Built OAI.NumberTheory.PiExponent.Polynomials.HomogeneousIdealStep (3.4s)
✔ [9121/9138] Built OAI.NumberTheory.PiExponent.Polynomials.HomogeneousPrimeFactor (2.2s)
✔ [9122/9141] Built OAI.NumberTheory.PiExponent.LocalAlgebra.StabilizedColonPowers (2.3s)
✔ [9123/9141] Built OAI.NumberTheory.PiExponent.LocalAlgebra.RegularHilbertStep (4.0s)
✔ [9124/9141] Built OAI.NumberTheory.PiExponent.Analysis.HilbertSeries (3.6s)
✔ [9125/9141] Built OAI.NumberTheory.PiExponent.Polynomials.CoordinateQuotientGrading (5.8s)
✔ [9126/9141] Built OAI.NumberTheory.PiExponent.LocalAlgebra.RegularPrefixes (2.0s)
✔ [9127/9143] Built OAI.NumberTheory.PiExponent.LocalAlgebra.ColonHilbertStep (3.2s)
✔ [9128/9145] Built OAI.NumberTheory.PiExponent.Polynomials.HilbertPolynomialBase (2.6s)
✔ [9129/9145] Built OAI.NumberTheory.PiExponent.Analysis.ColonSeriesTelescope (2.5s)
✔ [9130/9148] Built OAI.NumberTheory.PiExponent.LocalAlgebra.FiltrationLength (2.2s)
✔ [9131/9148] Built OAI.NumberTheory.PiExponent.Analysis.RegularSequenceSeries (2.7s)
✔ [9132/9148] Built OAI.NumberTheory.PiExponent.LocalAlgebra.HilbertZeroVariables (2.4s)
✔ [9133/9148] Built OAI.NumberTheory.PiExponent.LocalAlgebra.LocalizedCyclicFactor (2.3s)
✔ [9134/9148] Built OAI.NumberTheory.PiExponent.LocalAlgebra.HilbertDenominatorReduction (2.6s)
✔ [9135/9148] Built OAI.NumberTheory.PiExponent.LocalAlgebra.LocalComponentDegree (2.9s)
✔ [9136/9148] Built OAI.NumberTheory.PiExponent.Polynomials.HomogeneousPrimeFiltration (2.3s)
✔ [9137/9148] Built OAI.NumberTheory.PiExponent.Polynomials.HomogeneousHilbertExistence (2.7s)
✔ [9138/9151] Built OAI.NumberTheory.PiExponent.LocalAlgebra.CompleteIntersectionHilbert (3.1s)
✔ [9139/9151] Built OAI.NumberTheory.PiExponent.LocalAlgebra.LocalizedFiltrationLength (2.8s)
✔ [9140/9151] Built OAI.NumberTheory.PiExponent.LocalAlgebra.PositiveDimensionalHilbert (3.0s)
✔ [9141/9153] Built OAI.NumberTheory.PiExponent.LocalAlgebra.PrimeHilbertDimension (2.5s)
✔ [9142/9154] Built OAI.NumberTheory.PiExponent.Polynomials.HomogeneousComponentLength (2.7s)
✔ [9143/9154] Built OAI.NumberTheory.PiExponent.Polynomials.ColonHilbertPolynomial (2.7s)
✔ [9144/9154] Built OAI.NumberTheory.PiExponent.Polynomials.HomogeneousHilbertPolynomial (2.4s)
✔ [9145/9157] Built OAI.NumberTheory.PiExponent.Geometry.NormalizationGrowth (3.1s)
✔ [9146/9157] Built OAI.NumberTheory.PiExponent.Polynomials.HomogeneousQuotientDimension (4.3s)
✔ [9147/9157] Built OAI.NumberTheory.PiExponent.Polynomials.PolynomialCumulative (3.4s)
✔ [9148/9157] Built OAI.NumberTheory.PiExponent.LocalAlgebra.PrimeDegreeExistence (3.2s)
✔ [9149/9157] Built OAI.NumberTheory.PiExponent.Geometry.FiniteNormalizationGrowth (3.8s)
✔ [9150/9157] Built OAI.NumberTheory.PiExponent.Polynomials.PolynomialGrowthRanks (3.3s)
✔ [9151/9157] Built OAI.NumberTheory.PiExponent.LocalAlgebra.CumulativeHilbertSections (3.9s)
✔ [9152/9158] Built OAI.NumberTheory.PiExponent.Polynomials.HilbertPolynomial (3.7s)
✔ [9153/9158] Built OAI.NumberTheory.PiExponent.LocalAlgebra.HilbertMultiplicityFiltration (3.3s)
✔ [9154/9158] Built OAI.NumberTheory.PiExponent.LocalAlgebra.PrimeHilbertComparison (4.4s)
✔ [9155/9160] Built OAI.NumberTheory.PiExponent.LocalAlgebra.PrimeHypersurfaceDimension (3.2s)
✔ [9156/9160] Built OAI.NumberTheory.PiExponent.LocalAlgebra.ComponentMultiplicityBound (3.8s)
✔ [9157/9162] Built OAI.NumberTheory.PiExponent.LocalAlgebra.QuotientLocalizedLength (2.3s)
✔ [9158/9162] Built OAI.NumberTheory.PiExponent.LocalAlgebra.CompleteIntersectionComponentBound (4.4s)
✔ [9159/9165] Built OAI.NumberTheory.PiExponent.LocalAlgebra.AffineTranscendenceDimension (3.8s)
✔ [9160/9166] Built OAI.NumberTheory.PiExponent.LocalAlgebra.AffineResidueTranscendence (3.9s)
✔ [9161/9169] Built OAI.NumberTheory.PiExponent.Polynomials.PolynomialMaximalHeight (2.9s)
✔ [9162/9169] Built OAI.NumberTheory.PiExponent.LocalAlgebra.AffineClosedPointLocalization (13s)
✔ [9163/9169] Built OAI.NumberTheory.PiExponent.LocalAlgebra.ClosedPointLocalDimension (2.7s)
✔ [9164/9169] Built OAI.NumberTheory.PiExponent.LocalAlgebra.CoordinateBasisSplitting (4.4s)
✔ [9165/9176] Built OAI.NumberTheory.PiExponent.LocalAlgebra.QuotientPrimeResidueBasis (2.6s)
✔ [9166/9176] Built OAI.NumberTheory.PiExponent.LocalAlgebra.AffinePrimeDimensionBridge (3.2s)
✔ [9167/9176] Built OAI.NumberTheory.PiExponent.LocalAlgebra.HilbertDifferenceDegree (3.1s)
✔ [9168/9176] Built OAI.NumberTheory.PiExponent.LocalAlgebra.ComponentMultiplicitySum (3.0s)
✔ [9169/9176] Built OAI.NumberTheory.PiExponent.Polynomials.PolynomialPrimeDimension (5.1s)
✔ [9170/9176] Built OAI.NumberTheory.PiExponent.Geometry.ProperHypersurfaceHilbert (3.6s)
✔ [9171/9179] Built OAI.NumberTheory.PiExponent.LocalAlgebra.PrimeHypersurfaceEquidimension (3.1s)
✔ [9172/9181] Built OAI.NumberTheory.PiExponent.LocalAlgebra.PrimeCutBudget (3.8s)
✔ [9173/9181] Built OAI.NumberTheory.PiExponent.Cohomology.EndomorphismEulerAdditivity (3.6s)
✔ [9174/9181] Built OAI.NumberTheory.PiExponent.LocalAlgebra.LocalIntersectionTransport (3.6s)
✔ [9175/9181] Built OAI.NumberTheory.PiExponent.LocalAlgebra.RetainedIntersectionCycles (4.2s)
✔ [9176/9183] Built OAI.NumberTheory.PiExponent.LocalAlgebra.LocalIntersectionPrimeFiltration (2.4s)
✔ [9177/9188] Built OAI.NumberTheory.PiExponent.LocalAlgebra.LocalIntersectionExactStep (3.6s)
✔ [9178/9188] Built OAI.NumberTheory.PiExponent.LocalAlgebra.RetainedMinimalPrimeFamily (3.6s)
✔ [9179/9188] Built OAI.NumberTheory.PiExponent.LocalAlgebra.LocalIntersectionPrimeFactors (2.7s)
✔ [9180/9188] Built OAI.NumberTheory.PiExponent.Cohomology.LocalIntersectionEulerFiltration (3.2s)
✔ [9181/9196] Built OAI.NumberTheory.PiExponent.LocalAlgebra.ParameterKilledFiniteLength (3.1s)
✔ [9182/9196] Built OAI.NumberTheory.PiExponent.LocalAlgebra.EquidimensionalRetainedCut (3.3s)
✔ [9183/9196] Built OAI.NumberTheory.PiExponent.LocalAlgebra.LocalIntersectionDimensionOne (2.7s)
✔ [9184/9198] Built OAI.NumberTheory.PiExponent.LocalAlgebra.LocalPrimeTower (2.7s)
✔ [9185/9198] Built OAI.NumberTheory.PiExponent.LocalAlgebra.LocalizedMinimalPrimeFamily (2.3s)
✔ [9186/9200] Built OAI.NumberTheory.PiExponent.Cohomology.LocalIntersectionRegularEuler (3.5s)
✔ [9187/9200] Built OAI.NumberTheory.PiExponent.LocalAlgebra.ParameterCombinations (1.0s)
✔ [9188/9200] Built OAI.NumberTheory.PiExponent.LocalAlgebra.LocalIntersectionMinimalSum (3.6s)
✔ [9189/9200] Built OAI.NumberTheory.PiExponent.LocalAlgebra.RegularParameterAvoidance (2.6s)
✔ [9190/9201] Built OAI.NumberTheory.PiExponent.LocalAlgebra.FinsuppCandidates (1.8s)
✔ [9191/9201] Built OAI.NumberTheory.PiExponent.LocalAlgebra.RegularParameterSelection2 (2.7s)
✔ [9192/9201] Built OAI.NumberTheory.PiExponent.LocalAlgebra.LocalIntersectionQuotientTransport (3.0s)
✔ [9193/9203] Built OAI.NumberTheory.PiExponent.LocalAlgebra.FiniteFreeResolutionExt (2.8s)
✔ [9194/9203] Built OAI.NumberTheory.PiExponent.LocalAlgebra.LocalIntersectionFormula (3.3s)
✔ [9195/9209] Built OAI.NumberTheory.PiExponent.LocalAlgebra.RegularSequenceResolution (3.8s)
✔ [9196/9209] Built OAI.NumberTheory.PiExponent.LocalAlgebra.LocalizedOneCutPropagation (3.8s)
✔ [9197/9209] Built OAI.NumberTheory.PiExponent.LocalAlgebra.ConeQuotientAugmentation (2.9s)
✔ [9198/9209] Built OAI.NumberTheory.PiExponent.LocalAlgebra.ConeComplex (2.9s)
✔ [9199/9209] Built OAI.NumberTheory.PiExponent.LocalAlgebra.KoszulFiniteFree (2.6s)
✔ [9200/9209] Built OAI.NumberTheory.PiExponent.LocalAlgebra.NaturalMultiplicityPropagation (4.1s)
✔ [9201/9209] Built OAI.NumberTheory.PiExponent.LocalAlgebra.KoszulBounded (3.1s)
✔ [9202/9209] Built OAI.NumberTheory.PiExponent.LocalAlgebra.MultiplicityCycles (4.5s)
✔ [9203/9212] Built OAI.NumberTheory.PiExponent.LocalAlgebra.IteratedKoszulExactness (5.0s)
✔ [9204/9212] Built OAI.NumberTheory.PiExponent.LocalAlgebra.RegularSequenceExt (3.7s)
✔ [9205/9212] Built OAI.NumberTheory.PiExponent.LocalAlgebra.RegularCutHistory (7.2s)
✔ [9206/9212] Built OAI.NumberTheory.PiExponent.LocalAlgebra.KoszulDualCone (3.9s)
✔ [9207/9214] Built OAI.NumberTheory.PiExponent.LocalAlgebra.RegularSequenceExtObstruction (3.8s)
✔ [9208/9217] Built OAI.NumberTheory.PiExponent.LocalAlgebra.KoszulDualTransport (3.6s)
✔ [9209/9217] Built OAI.NumberTheory.PiExponent.Polynomials.HomogeneousListHistory (4.0s)
✔ [9210/9217] Built OAI.NumberTheory.PiExponent.LocalAlgebra.KoszulTopTerm (3.5s)
✔ [9211/9217] Built OAI.NumberTheory.PiExponent.LocalAlgebra.KoszulDualBottom (3.7s)
✔ [9212/9219] Built OAI.NumberTheory.PiExponent.LocalAlgebra.RegularSequenceAugmentation (2.6s)
✔ [9213/9221] Built OAI.NumberTheory.PiExponent.LocalAlgebra.AffineLocalRegularBezout (4.4s)
✔ [9214/9223] Built OAI.NumberTheory.PiExponent.Jets.KoszulTopDifferential (3.9s)
✔ [9215/9223] Built OAI.NumberTheory.PiExponent.LocalAlgebra.RegularSequenceQuotientTail (2.5s)
✔ [9216/9223] Built OAI.NumberTheory.PiExponent.LocalAlgebra.KoszulDualEndpoint (3.7s)
✔ [9217/9223] Built OAI.NumberTheory.PiExponent.LocalAlgebra.RegularSequenceHomZero (2.4s)
✔ [9218/9223] Built OAI.NumberTheory.PiExponent.LocalAlgebra.KoszulTopAugmentation (3.8s)
✔ [9219/9231] Built OAI.NumberTheory.PiExponent.LocalAlgebra.KoszulDualStep (3.6s)
✔ [9220/9232] Built OAI.NumberTheory.PiExponent.LocalAlgebra.KoszulDualInitial (3.8s)
✔ [9221/9232] Built OAI.NumberTheory.PiExponent.Polynomials.PolynomialCoordinateMinpolyQuotient (3.0s)
✔ [9222/9232] Built OAI.NumberTheory.PiExponent.LocalAlgebra.RegularSequenceDualExactness (3.9s)
✔ [9223/9234] Built OAI.NumberTheory.PiExponent.LocalAlgebra.TriangularLocalParameters (3.2s)
✔ [9224/9234] Built OAI.NumberTheory.PiExponent.LocalAlgebra.RamifiedLocalization (6.0s)
✔ [9225/9234] Built OAI.NumberTheory.PiExponent.LocalAlgebra.RegularSequenceLowExt (3.1s)
✔ [9226/9234] Built OAI.NumberTheory.PiExponent.LocalAlgebra.TriangularLocalParametersAssembly (4.2s)
✔ [9227/9234] Built OAI.NumberTheory.PiExponent.LocalAlgebra.TriangularLocalParametersTransport (2.4s)
✔ [9228/9242] Built OAI.NumberTheory.PiExponent.LocalAlgebra.RamifiedLocalLength (7.0s)
✔ [9229/9243] Built OAI.NumberTheory.PiExponent.Polynomials.PolynomialLocalRegularParameters (3.7s)
✔ [9230/9243] Built OAI.NumberTheory.PiExponent.LocalAlgebra.RamifiedPointMap (6.7s)
✔ [9231/9243] Built OAI.NumberTheory.PiExponent.Polynomials.PowerCoverExponents (6.4s)
✔ [9232/9243] Built OAI.NumberTheory.PiExponent.Polynomials.PolynomialLocalLowExt (3.7s)
✔ [9233/9243] Built OAI.NumberTheory.PiExponent.Geometry.CurveComponentRigidity (6.9s)
✔ [9234/9244] Built OAI.NumberTheory.PiExponent.Polynomials.PowerCoverSubstitution (6.2s)
✔ [9235/9249] Built OAI.NumberTheory.PiExponent.LocalAlgebra.RegularParameterSelection (4.6s)
✔ [9236/9249] Built OAI.NumberTheory.PiExponent.Polynomials.PowerCoverBasis (8.4s)
✔ [9237/9249] Built OAI.NumberTheory.PiExponent.Approximation.FrameResidueDirections (6.8s)
✔ [9238/9249] Built OAI.NumberTheory.PiExponent.LocalAlgebra.LocalBezout (4.5s)
✔ [9239/9250] Built OAI.NumberTheory.PiExponent.Jets.FrameTransverseMultiplicity (7.4s)
✔ [9240/9250] Built OAI.NumberTheory.PiExponent.Polynomials.TranslatedPowerCover (8.1s)
✔ [9241/9250] Built OAI.NumberTheory.PiExponent.LocalAlgebra.PrimeFrameMultiplicity (7.3s)
✔ [9242/9251] Built OAI.NumberTheory.PiExponent.Approximation.FibreWeightSeparation (6.1s)
✔ [9243/9257] Built OAI.NumberTheory.PiExponent.Geometry.CurveParameterFinite (2.9s)
✔ [9244/9257] Built OAI.NumberTheory.PiExponent.LocalAlgebra.RamifiedPowerLength (10s)
✔ [9245/9257] Built OAI.NumberTheory.PiExponent.Geometry.WeightedCurveDegree (8.1s)
✔ [9246/9257] Built OAI.NumberTheory.PiExponent.LocalAlgebra.WeightedBezoutBound (7.6s)
✔ [9247/9260] Built OAI.NumberTheory.PiExponent.Geometry.CurveLocalOrder (7.8s)
✔ [9248/9260] Built OAI.NumberTheory.PiExponent.LocalAlgebra.PrimeWeightedBezout (6.9s)
✔ [9249/9260] Built OAI.NumberTheory.PiExponent.LocalAlgebra.DVRValuationUnique (7.0s)
✔ [9250/9261] Built OAI.NumberTheory.PiExponent.Jets.FormalBranchOrder (7.4s)
✔ [9251/9261] Built OAI.NumberTheory.PiExponent.Jets.TransverseSliceComparison (7.3s)
✔ [9252/9263] Built OAI.NumberTheory.PiExponent.Approximation.OrdinarySliceComparison (6.4s)
✔ [9253/9263] Built OAI.NumberTheory.PiExponent.Jets.FormalBranchOrderRational (6.8s)
✔ [9254/9263] Built OAI.NumberTheory.PiExponent.Jets.DVRBranchExpansion (7.6s)
✔ [9255/9263] Built OAI.NumberTheory.PiExponent.Approximation.PersistentWeightComparison (21s)
✔ [9256/9263] Built OAI.NumberTheory.PiExponent.Geometry.CurveZeroPole (66s)
✔ [9257/9263] Built OAI.NumberTheory.PiExponent.Jets.DVRBranchOrder (7.4s)
✔ [9258/9263] Built OAI.NumberTheory.PiExponent.Jets.BranchContact (7.8s)
✔ [9259/9263] Built OAI.NumberTheory.PiExponent.Geometry.AdmissibleCurveWeights (8.1s)
✔ [9260/9268] Built OAI.NumberTheory.PiExponent.Jets.DVRBranch (6.8s)
✔ [9261/9272] Built OAI.NumberTheory.PiExponent.Jets.FormalJetDerivatives (6.7s)
✔ [9262/9273] Built OAI.NumberTheory.PiExponent.Geometry.CurveValuationCenter (22s)
✔ [9263/9273] Built OAI.NumberTheory.PiExponent.Jets.FormalLogJet (9.3s)
✔ [9264/9273] Built OAI.NumberTheory.PiExponent.Polynomials.PolynomialPoleBound (6.9s)
✔ [9265/9273] Built OAI.NumberTheory.PiExponent.Geometry.PlaceValuationRing (7.2s)
✔ [9266/9273] Built OAI.NumberTheory.PiExponent.Analysis.FormalLogTruncation (8.8s)
✔ [9267/9273] Built OAI.NumberTheory.PiExponent.Polynomials.WeightedPolynomialPole (6.6s)
✔ [9268/9273] Built OAI.NumberTheory.PiExponent.Jets.FormalBranchEvaluation (6.8s)
✔ [9269/9282] Built OAI.NumberTheory.PiExponent.Jets.DVRBranchJet (6.0s)
✔ [9270/9282] Built OAI.NumberTheory.PiExponent.Polynomials.SimplexRational (6.3s)
✔ [9271/9285] Built OAI.NumberTheory.PiExponent.Geometry.CurveProductFormula (56s)
✔ [9272/9286] Built OAI.NumberTheory.PiExponent.Polynomials.AuxiliaryPolynomial (9.1s)
✔ [9273/9286] Built OAI.NumberTheory.PiExponent.Geometry.WeightedCurveRigidity (7.7s)
✔ [9274/9288] Built OAI.NumberTheory.PiExponent.Geometry.CurveContactSum (9.4s)
✔ [9275/9288] Built OAI.NumberTheory.PiExponent.Jets.FormalAuxiliaryJet (7.2s)
✔ [9276/9289] Built OAI.NumberTheory.PiExponent.Jets.OrdinaryAuxiliaryJet (9.1s)
✔ [9277/9289] Built OAI.NumberTheory.PiExponent.Jets.OrdinaryJetDerivatives (6.8s)
✔ [9278/9289] Built OAI.NumberTheory.PiExponent.Geometry.CurveCenters (7.7s)
✔ [9279/9289] Built OAI.NumberTheory.PiExponent.Geometry.CurvePrimeHeight (4.2s)
✔ [9280/9290] Built OAI.NumberTheory.PiExponent.Jets.OrdinaryBranchEvaluation (6.8s)
✔ [9281/9295] Built OAI.NumberTheory.PiExponent.Geometry.CurveFieldRigidity (6.0s)
✔ [9282/9295] Built OAI.NumberTheory.PiExponent.Jets.OrdinaryDVRBranchJet (7.3s)
✔ [9283/9295] Built OAI.NumberTheory.PiExponent.LocalAlgebra.ParameterResidueField (8.4s)
✔ [9284/9295] Built OAI.NumberTheory.PiExponent.LocalAlgebra.WeightedLocalLattice (7.3s)
✔ [9285/9297] Built OAI.NumberTheory.PiExponent.LocalAlgebra.FibreContact (6.8s)
✔ [9286/9297] Built OAI.NumberTheory.PiExponent.Geometry.PlaceParameterModel (13s)
✔ [9287/9297] Built OAI.NumberTheory.PiExponent.Geometry.PlaceCenteredBranch (10s)
✔ [9288/9297] Built OAI.NumberTheory.PiExponent.Geometry.PlaceLocalRing (6.9s)
✔ [9289/9301] Built OAI.NumberTheory.PiExponent.Approximation.WeightedCompactificationGeometry (13s)
✔ [9290/9301] Built OAI.NumberTheory.PiExponent.LocalAlgebra.CoordinateContactBound (6.5s)
✔ [9291/9301] Built OAI.NumberTheory.PiExponent.Geometry.CurveContactFamily (8.9s)
✔ [9292/9301] Built OAI.NumberTheory.PiExponent.Approximation.WeightedAffineParametrization (17s)
✔ [9293/9301] Built OAI.NumberTheory.PiExponent.Geometry.CurveNormalizationModel (11s)
✔ [9294/9301] Built OAI.NumberTheory.PiExponent.Cohomology.CurveDerivativeVanishing (9.3s)
✔ [9295/9302] Built OAI.NumberTheory.PiExponent.Geometry.CurveNormalizationLocalRing (8.3s)
✔ [9296/9302] Built OAI.NumberTheory.PiExponent.Geometry.CurveInequality (7.7s)
✔ [9297/9302] Built OAI.NumberTheory.PiExponent.Geometry.CurveProperExtension (6.7s)
✔ [9298/9303] Built OAI.NumberTheory.PiExponent.Geometry.CurveInequalityIntrinsic (6.9s)
✔ [9299/9307] Built OAI.NumberTheory.PiExponent.Geometry.CurveMonomialMap (7.7s)
✔ [9300/9307] Built OAI.NumberTheory.PiExponent.Geometry.AdmissibleCurveInequality (6.5s)
✔ [9301/9308] Built OAI.NumberTheory.PiExponent.Approximation.GlobalSectionClearing (31s)
✔ [9302/9310] Built OAI.NumberTheory.PiExponent.Approximation.TwistSections (13s)
✔ [9303/9311] Built OAI.NumberTheory.PiExponent.Jets.CompactJetIdeal (6.7s)
✔ [9304/9312] Built OAI.NumberTheory.PiExponent.Ampleness.CoherentAffineFinite (37s)
✔ [9305/9315] Built OAI.NumberTheory.PiExponent.Jets.BranchContactIdeal (8.0s)
✔ [9306/9315] Built OAI.NumberTheory.PiExponent.Analysis.FormalLogTailOrder (6.3s)
✔ [9307/9315] Built OAI.NumberTheory.PiExponent.Jets.FormalBranchCoordinates (6.0s)
✔ [9308/9322] Built OAI.NumberTheory.PiExponent.Jets.FormalBranchContact (6.2s)
✔ [9309/9322] Built OAI.NumberTheory.PiExponent.Analysis.LogarithmicContactIdeal (7.9s)
✔ [9310/9322] Built OAI.NumberTheory.PiExponent.Jets.FormalJetIndices (7.7s)
✔ [9311/9322] Built OAI.NumberTheory.PiExponent.Jets.PolynomialJetPackets (6.6s)
✔ [9312/9322] Built OAI.NumberTheory.PiExponent.Jets.AlgebraicJetPackets (7.4s)
✔ [9313/9322] Built OAI.NumberTheory.PiExponent.LocalAlgebra.FiniteGlobalPresentation (56s)
✔ [9314/9322] Built OAI.NumberTheory.PiExponent.Jets.CompactJetPolynomial (7.2s)
✔ [9315/9328] Built OAI.NumberTheory.PiExponent.Geometry.LineBundleCoherent (9.8s)
✔ [9316/9328] Built OAI.NumberTheory.PiExponent.Approximation.ClosedPushforwardAffine (13s)
✔ [9317/9328] Built OAI.NumberTheory.PiExponent.LocalAlgebra.TensorIdealInclusion (9.4s)
✔ [9318/9328] Built OAI.NumberTheory.PiExponent.Geometry.IdealSheafPowers (6.3s)
✔ [9319/9328] Built OAI.NumberTheory.PiExponent.LocalAlgebra.IdealTensorPowers (7.5s)
✔ [9320/9328] Built OAI.NumberTheory.PiExponent.Approximation.ClosedPushforwardCoherent (9.9s)
✔ [9321/9328] Built OAI.NumberTheory.PiExponent.Ampleness.ExceptionalPowerSections (8.3s)
✔ [9322/9328] Built OAI.NumberTheory.PiExponent.Jets.CompactJetIdealCoherent (9.0s)
✔ [9323/9328] Built OAI.NumberTheory.PiExponent.Ampleness.ExceptionalAffineChart (7.0s)
✔ [9324/9328] Built OAI.NumberTheory.PiExponent.Jets.CompactLogJetIdeal (7.7s)
✔ [9325/9328] Built OAI.NumberTheory.PiExponent.Ampleness.AdmissibleBlowupGeometry (8.5s)
✔ [9326/9331] Built OAI.NumberTheory.PiExponent.Ampleness.ExceptionalAffineChartRestriction (11s)
✔ [9327/9333] Built OAI.NumberTheory.PiExponent.Ampleness.WeightedAffineFrame (6.3s)
✔ [9328/9337] Built OAI.NumberTheory.PiExponent.Geometry.SheafSectionGluing (7.4s)
✔ [9329/9337] Built OAI.NumberTheory.PiExponent.Approximation.TwistSectionScalars (21s)
✔ [9330/9339] Built OAI.NumberTheory.PiExponent.Approximation.TensorMixedSection (11s)
✔ [9331/9341] Built OAI.NumberTheory.PiExponent.LocalAlgebra.TwistLocalExtension (10s)
✔ [9332/9341] Built OAI.NumberTheory.PiExponent.Approximation.TwistSectionClearing (12s)
✔ [9333/9341] Built OAI.NumberTheory.PiExponent.Approximation.TwistPowerSection (7.4s)
✔ [9334/9341] Built OAI.NumberTheory.PiExponent.Geometry.SheafificationUnitIso (6.7s)
✔ [9335/9341] Built OAI.NumberTheory.PiExponent.Cohomology.CurveEuler (14s)
✔ [9336/9341] Built OAI.NumberTheory.PiExponent.Approximation.TwistGlobalExtension (15s)
✔ [9337/9342] Built OAI.NumberTheory.PiExponent.Approximation.NoetherianPowerExtension (8.9s)
✔ [9338/9345] Built OAI.NumberTheory.PiExponent.Approximation.ModuleLinePowerLaws (14s)
✔ [9339/9345] Built OAI.NumberTheory.PiExponent.Ampleness.NoetherianAmpleProjectiveSections (7.8s)
✔ [9340/9347] Built OAI.NumberTheory.PiExponent.Approximation.SerrePowerDescent (7.9s)
✔ [9341/9347] Built OAI.NumberTheory.PiExponent.Approximation.FrameSubopensCoherence (16s)
✔ [9342/9348] Built OAI.NumberTheory.PiExponent.Polynomials.FrameCoefficientLaws (7.1s)
✔ [9343/9349] Built OAI.NumberTheory.PiExponent.Geometry.ProjectiveCoordinateChartMap (7.9s)
✔ [9344/9349] Built OAI.NumberTheory.PiExponent.Approximation.ClosedImmersionSerreTransfer (7.5s)
✔ [9345/9349] Built OAI.NumberTheory.PiExponent.Geometry.LineBundleFrameCocycle (17s)
✔ [9346/9351] Built OAI.NumberTheory.PiExponent.Approximation.ProjectionFormula (12s)
✔ [9347/9353] Built OAI.NumberTheory.PiExponent.Approximation.CoordinateFrameIdentification (6.5s)
✔ [9348/9356] Built OAI.NumberTheory.PiExponent.Geometry.ProjectiveCoordinatePullback (16s)
✔ [9349/9356] Built OAI.NumberTheory.PiExponent.Approximation.GlueGlobalGenerators (24s)
✔ [9350/9356] Built OAI.NumberTheory.PiExponent.LocalAlgebra.SerreDimensionShift (6.8s)
✔ [9351/9356] Built OAI.NumberTheory.PiExponent.Cohomology.SerreVanishing (6.8s)
✔ [9352/9357] Built OAI.NumberTheory.PiExponent.Ampleness.AmpleGlobalGeneration (18s)
✔ [9353/9357] Built OAI.NumberTheory.PiExponent.Approximation.TwistPresentations (21s)
✔ [9354/9361] Built OAI.NumberTheory.PiExponent.Cohomology.CechOne (10s)
✔ [9355/9363] Built OAI.NumberTheory.PiExponent.Cohomology.ProjectiveMonomialCechHigher (2.4s)
✔ [9356/9363] Built OAI.NumberTheory.PiExponent.Approximation.SerreAssembly (12s)
✔ [9357/9363] Built OAI.NumberTheory.PiExponent.Cohomology.FreeCechResolution (10s)
✔ [9358/9365] Built OAI.NumberTheory.PiExponent.Geometry.ProjectiveSerreTransfer (11s)
✔ [9359/9368] Built OAI.NumberTheory.PiExponent.Cohomology.CechHigher (17s)
✔ [9360/9368] Built OAI.NumberTheory.PiExponent.Cohomology.ProjectiveLaurentTransitions (8.9s)
✔ [9361/9370] Built OAI.NumberTheory.PiExponent.Geometry.ProjectiveCoordinateFiniteValues (10s)
✔ [9362/9370] Built OAI.NumberTheory.PiExponent.Cohomology.ProjectiveTwistCech (6.8s)
✔ [9363/9374] Built OAI.NumberTheory.PiExponent.Cohomology.FreeCechSections (13s)
✔ [9364/9374] Built OAI.NumberTheory.PiExponent.Geometry.ProjectiveCoordinateRatios (12s)
✔ [9365/9374] Built OAI.NumberTheory.PiExponent.Geometry.ProjectiveTupleCharts (9.8s)
✔ [9366/9374] Built OAI.NumberTheory.PiExponent.Cohomology.ProjectiveTwistAcyclicity (10s)
✔ [9367/9384] Built OAI.NumberTheory.PiExponent.Geometry.ProjectiveSpaceBasics (8.1s)
✔ [9368/9384] Built OAI.NumberTheory.PiExponent.Geometry.ProjectiveCoordinateTransitions (7.9s)
✔ [9369/9385] Built OAI.NumberTheory.PiExponent.Geometry.ProjectiveCoordinateOverlapNaturality (7.5s)
✔ [9370/9386] Built OAI.NumberTheory.PiExponent.Cohomology.CechLinear (13s)
✔ [9371/9386] Built OAI.NumberTheory.PiExponent.Approximation.Comparison (2.5s)
✔ [9372/9388] Built OAI.NumberTheory.PiExponent.Cohomology.ProjectiveCoordinateAcyclicity (9.7s)
✔ [9373/9388] Built OAI.NumberTheory.PiExponent.Cohomology.CechZero (8.3s)
✔ [9374/9388] Built OAI.NumberTheory.PiExponent.Approximation.MatrixCounting (7.7s)
✔ [9375/9388] Built OAI.NumberTheory.PiExponent.Geometry.ProjectiveSpaceSerre (6.9s)
✔ [9376/9388] Built OAI.NumberTheory.PiExponent.Statement (5.6s)
✔ [9377/9389] Built OAI.NumberTheory.PiExponent.Cohomology.CechOneConverse (7.9s)
✔ [9378/9393] Built OAI.NumberTheory.PiExponent.Cohomology.NoetherianAmpleSerreVanishing (9.1s)
✔ [9379/9393] Built OAI.NumberTheory.PiExponent.Approximation.DeterminantContradiction (7.4s)
✔ [9380/9393] Built OAI.NumberTheory.PiExponent.Jets.AuxiliaryJetMap (7.7s)
✔ [9381/9393] Built OAI.NumberTheory.PiExponent.Cohomology.CechH1Transfer (14s)
✔ [9382/9393] Built OAI.NumberTheory.PiExponent.Approximation.SerreSectionLifting (7.5s)
✔ [9383/9394] Built OAI.NumberTheory.PiExponent.Polynomials.NestedPolynomialSwap (7.7s)
✔ [9384/9394] Built OAI.NumberTheory.PiExponent.Ampleness.BlowupJetSurjectivity (8.8s)
✔ [9385/9394] Built OAI.NumberTheory.PiExponent.Approximation.FormalMatrixBridge (8.4s)
✔ [9386/9395] Built OAI.NumberTheory.PiExponent.Approximation.WeightedFrameDegree (6.1s)
✔ [9387/9395] Built OAI.NumberTheory.PiExponent.Jets.AffineJetSupport (7.1s)
✔ [9388/9395] Built OAI.NumberTheory.PiExponent.Approximation.FormalMatrixSurjectivity (6.8s)
✔ [9389/9396] Built OAI.NumberTheory.PiExponent.LocalAlgebra.WeightedChartRingEvaluation (9.5s)
✔ [9390/9396] Built OAI.NumberTheory.PiExponent.Approximation.AdmissibleMatrixInterpolation (6.0s)
✔ [9391/9396] Built OAI.NumberTheory.PiExponent.Jets.AffineJetQuotient (12s)
✔ [9392/9400] Built OAI.NumberTheory.PiExponent.Approximation.CompositePullbackFrame (6.0s)
✔ [9393/9401] Built OAI.NumberTheory.PiExponent.Jets.AffineJetPolynomial (6.7s)
✔ [9394/9405] Built OAI.NumberTheory.PiExponent.Jets.AffineJetCoefficientInterface (6.0s)
✔ [9395/9405] Built OAI.NumberTheory.PiExponent.Polynomials.ShiftedFreeGrading (9.2s)
✔ [9396/9405] Built OAI.NumberTheory.PiExponent.Geometry.ProjectiveRepresentedCoefficient (8.9s)
✔ [9397/9405] Built OAI.NumberTheory.PiExponent.Approximation.AdmissibleMatrixFrame (6.4s)
✔ [9398/9405] Built OAI.NumberTheory.PiExponent.Polynomials.GradedSerre (9.1s)
✔ [9399/9409] Built OAI.NumberTheory.PiExponent.Geometry.ProjectiveVertexCompatibility (11s)
✔ [9400/9410] Built OAI.NumberTheory.PiExponent.Cohomology.GradedH0 (7.1s)
✔ [9401/9411] Built OAI.NumberTheory.PiExponent.Approximation.ClosedRestrictionTensor (10s)
✔ [9402/9413] Built OAI.NumberTheory.PiExponent.Geometry.ProjectiveGlobalPolynomialAlgebra (8.0s)
✔ [9403/9415] Built OAI.NumberTheory.PiExponent.Jets.AffineJetCoefficientFrame (8.9s)
✔ [9404/9415] Built OAI.NumberTheory.PiExponent.Geometry.ProjectiveGlobalPolynomials (12s)
✔ [9405/9415] Built OAI.NumberTheory.PiExponent.Polynomials.WeightedHomogeneousSubstitution (7.1s)
✔ [9406/9415] Built OAI.NumberTheory.PiExponent.Polynomials.GlobalPolynomialCoefficientLaw (6.5s)
✔ [9407/9419] Built OAI.NumberTheory.PiExponent.Geometry.ProjectiveSectionExtension (9.1s)
✔ [9408/9419] Built OAI.NumberTheory.PiExponent.Polynomials.GlobalPolynomialWeightedBound (6.3s)
✔ [9409/9419] Built OAI.NumberTheory.PiExponent.Geometry.ProjectiveIntrinsicCoefficientLaw (7.5s)
✔ [9410/9419] Built OAI.NumberTheory.PiExponent.Geometry.ProjectiveSectionPullback (6.8s)
✔ [9411/9419] Built OAI.NumberTheory.PiExponent.Jets.JetPowerIdealCoprime (6.4s)
✔ [9412/9419] Built OAI.NumberTheory.PiExponent.Geometry.ProjectiveSectionInterface (6.3s)
✔ [9413/9419] Built OAI.NumberTheory.PiExponent.Jets.AffineJetPackets (6.6s)
✔ [9414/9419] Built OAI.NumberTheory.PiExponent.Geometry.ProjectiveCoefficientBound (6.2s)
✔ [9415/9419] Built OAI.NumberTheory.PiExponent.Approximation.WeightedPullbackDegree (14s)
✔ [9416/9419] Built OAI.NumberTheory.PiExponent.Jets.AffineJetFramedPackets (6.6s)
✔ [9417/9420] Built OAI.NumberTheory.PiExponent.Approximation.WeightedGlobalSectionBound (6.3s)
✔ [9418/9424] Built OAI.NumberTheory.PiExponent.Jets.AdmissibleJetPackets (6.4s)
✔ [9419/9424] Built OAI.NumberTheory.PiExponent.Geometry.ProjectiveMonomialFinite (6.9s)
✔ [9420/9426] Built OAI.NumberTheory.PiExponent.Cohomology.CechExtFinite (12s)
✔ [9421/9426] Built OAI.NumberTheory.PiExponent.Cohomology.ProjectiveMonomialCohomology (8.1s)
✔ [9422/9426] Built OAI.NumberTheory.PiExponent.Cohomology.ProjectiveFramedCech (9.2s)
✔ [9423/9429] Built OAI.NumberTheory.PiExponent.Cohomology.LaurentCechFinite (9.9s)
✔ [9424/9429] Built OAI.NumberTheory.PiExponent.Geometry.ProjectiveCoordinateScalars (9.0s)
✔ [9425/9435] Built OAI.NumberTheory.PiExponent.Cohomology.LaurentExtFinite (10s)
✔ [9426/9435] Built OAI.NumberTheory.PiExponent.Approximation.InverseFrames (9.6s)
✔ [9427/9435] Built OAI.NumberTheory.PiExponent.Geometry.ProjectiveNegativeTransitions (8.0s)
✔ [9428/9435] Built OAI.NumberTheory.PiExponent.Approximation.CocycleTensor (24s)
✔ [9429/9435] Built OAI.NumberTheory.PiExponent.Approximation.CocycleTensorIso (10s)
✔ [9430/9437] Built OAI.NumberTheory.PiExponent.Approximation.InverseFrameRestriction (12s)
✔ [9431/9437] Built OAI.NumberTheory.PiExponent.Geometry.LineBundleInverse (7.3s)
✔ [9432/9437] Built OAI.NumberTheory.PiExponent.Geometry.ProjectiveNegativeFrames (6.9s)
✔ [9433/9438] Built OAI.NumberTheory.PiExponent.Cohomology.EulerExact (8.5s)
✔ [9434/9439] Built OAI.NumberTheory.PiExponent.Geometry.ProjectiveNegativeCoordinates (8.6s)
✔ [9435/9447] Built OAI.NumberTheory.PiExponent.Cohomology.CohomologyIso (7.3s)
✔ [9436/9449] Built OAI.NumberTheory.PiExponent.Approximation.ClosedPushforwardLinear (8.7s)
✔ [9437/9449] Built OAI.NumberTheory.PiExponent.Geometry.ProjectiveNegativeScalars (10s)
✔ [9438/9449] Built OAI.NumberTheory.PiExponent.LocalAlgebra.CoherentExtFiniteness (12s)
✔ [9439/9453] Built OAI.NumberTheory.PiExponent.Geometry.ProjectiveSectionReindex (8.2s)
✔ [9440/9453] Built OAI.NumberTheory.PiExponent.Approximation.AffineThickeningCriterion (3.2s)
✔ [9441/9454] Built OAI.NumberTheory.PiExponent.Approximation.FullSupportNilpotence (3.0s)
✔ [9442/9454] Built OAI.NumberTheory.PiExponent.Approximation.ClosedThickeningSections (7.2s)
✔ [9443/9454] Built OAI.NumberTheory.PiExponent.Approximation.NegativeTwistPresentations (23s)
✔ [9444/9457] Built OAI.NumberTheory.PiExponent.Approximation.ClosedSupportedSerre (8.0s)
✔ [9445/9457] Built OAI.NumberTheory.PiExponent.Approximation.ClosedPowerSectionLifting (6.8s)
✔ [9446/9457] Built OAI.NumberTheory.PiExponent.LocalAlgebra.PositiveCoherentExtFiniteness (12s)
✔ [9447/9457] Built OAI.NumberTheory.PiExponent.Approximation.CoherentCokernels (17s)
✔ [9448/9459] Built OAI.NumberTheory.PiExponent.Geometry.CoherentProjectiveFinite (9.0s)
✔ [9449/9459] Built OAI.NumberTheory.PiExponent.LocalAlgebra.IdealPowerFiltration (10s)
✔ [9450/9459] Built OAI.NumberTheory.PiExponent.LocalAlgebra.CoherentInverseFinite (9.0s)
✔ [9451/9461] Built OAI.NumberTheory.PiExponent.Cohomology.IdealPowerCohomology (6.3s)
✔ [9452/9461] Built OAI.NumberTheory.PiExponent.Approximation.ClosedAnnihilatedDescent (11s)
✔ [9453/9461] Built OAI.NumberTheory.PiExponent.Geometry.ProjectiveCoordinateFinite (7.8s)
✔ [9454/9463] Built OAI.NumberTheory.PiExponent.Approximation.ClosedPullbackUnit (8.3s)
✔ [9455/9465] Built OAI.NumberTheory.PiExponent.Approximation.AffineClosedAnnihilatedDescent (10s)
✔ [9456/9465] Built OAI.NumberTheory.PiExponent.Cohomology.CohomologyFinite (6.8s)
✔ [9457/9465] Built OAI.NumberTheory.PiExponent.Approximation.OpenPullbackUnit (5.4s)
✔ [9458/9465] Built OAI.NumberTheory.PiExponent.Approximation.ClosedImmersionModules (8.7s)
✔ [9459/9465] Built OAI.NumberTheory.PiExponent.Approximation.ModulePullbackCoherent (11s)
✔ [9460/9471] Built OAI.NumberTheory.PiExponent.Geometry.ProjectiveFiniteCoordinates (9.7s)
✔ [9461/9471] Built OAI.NumberTheory.PiExponent.Cohomology.AmpleCohomologyFinite (7.6s)
✔ [9462/9471] Built OAI.NumberTheory.PiExponent.Approximation.ClosedPullbackUnitRestriction (10s)
✔ [9463/9472] Built OAI.NumberTheory.PiExponent.LocalAlgebra.IdealPowerAnnihilator (7.4s)
✔ [9464/9472] Built OAI.NumberTheory.PiExponent.Ampleness.AmpleFiniteProjectiveEmbedding (6.3s)
✔ [9465/9472] Built OAI.NumberTheory.PiExponent.LocalAlgebra.IdealModuleRestriction (7.1s)
✔ [9466/9472] Built OAI.NumberTheory.PiExponent.Approximation.GlobalClosedAnnihilatedDescent (10s)
✔ [9467/9474] Built OAI.NumberTheory.PiExponent.Ampleness.ClosedAmpleBaseChange (6.2s)
✔ [9468/9474] Built OAI.NumberTheory.PiExponent.LocalAlgebra.IdealPowerRestriction (8.1s)
✔ [9469/9474] Built OAI.NumberTheory.PiExponent.Ampleness.FinitePullbackAmple (5.0s)
✔ [9470/9478] Built OAI.NumberTheory.PiExponent.Ampleness.LineAmpleOperations (6.2s)
✔ [9471/9480] Built OAI.NumberTheory.PiExponent.LocalAlgebra.IdealPowerDescent (7.3s)
✔ [9472/9481] Built OAI.NumberTheory.PiExponent.Cohomology.NilpotentIdealVanishing (7.5s)
✔ [9473/9481] Built OAI.NumberTheory.PiExponent.Ampleness.AmpleAllPowersGeneration (11s)
✔ [9474/9481] Built OAI.NumberTheory.PiExponent.Ampleness.ComponentAmpleDescentIdeal (7.2s)
✔ [9475/9481] Built OAI.NumberTheory.PiExponent.Ampleness.NilpotentAmpleDescent (7.0s)
✔ [9476/9481] Built OAI.NumberTheory.PiExponent.Ampleness.ComponentAmpleDescentSupported (8.0s)
✔ [9477/9483] Built OAI.NumberTheory.PiExponent.Ampleness.ComponentAmpleDescentLocal (7.4s)
✔ [9478/9483] Built OAI.NumberTheory.PiExponent.Ampleness.NumericalAmpleness (6.7s)
✔ [9479/9487] Built OAI.NumberTheory.PiExponent.Approximation.NumericalMarginRestriction (6.6s)
✔ [9480/9487] Built OAI.NumberTheory.PiExponent.Approximation.GeneratorsSectionCover (29s)
✔ [9481/9487] Built OAI.NumberTheory.PiExponent.Approximation.LineClosedUnit (7.8s)
✔ [9482/9487] Built OAI.NumberTheory.PiExponent.Geometry.PrincipalCartierSequence (7.0s)
✔ [9483/9488] Built OAI.NumberTheory.PiExponent.Geometry.CartierSequence (7.6s)
✔ [9484/9491] Built OAI.NumberTheory.PiExponent.Ampleness.AmpleGeneratedTensor (9.4s)
✔ [9485/9491] Built OAI.NumberTheory.PiExponent.Cohomology.CartierEulerDifference (7.4s)
✔ [9486/9491] Built OAI.NumberTheory.PiExponent.Cohomology.NakaiCohomology (8.4s)
✔ [9487/9500] Built OAI.NumberTheory.PiExponent.Ampleness.ComponentAmpleDescentCover (9.3s)
✔ [9488/9500] Built OAI.NumberTheory.PiExponent.Cohomology.NakaiEulerGrowth (6.9s)
✔ [9489/9500] Built OAI.NumberTheory.PiExponent.Approximation.InverseDualRestriction (8.2s)
✔ [9490/9504] Built OAI.NumberTheory.PiExponent.LocalAlgebra.SectionImageIdeal (12s)
✔ [9491/9505] Built OAI.NumberTheory.PiExponent.Ampleness.NakaiCartier (7.6s)
✔ [9492/9505] Built OAI.NumberTheory.PiExponent.LocalAlgebra.SectionZeroIdeal (8.3s)
✔ [9493/9505] Built OAI.NumberTheory.PiExponent.Geometry.IntegralCurveExistence (7.4s)
✔ [9494/9505] Built OAI.NumberTheory.PiExponent.Ampleness.ProperAmpleFiniteDimension (6.7s)
✔ [9495/9505] Built OAI.NumberTheory.PiExponent.Geometry.CartierPowerFrames (10s)
✔ [9496/9511] Built OAI.NumberTheory.PiExponent.Geometry.CurveComponentMultiplicity (6.5s)
✔ [9497/9511] Built OAI.NumberTheory.PiExponent.Geometry.SectionCartierPower (9.3s)
✔ [9498/9511] Built OAI.NumberTheory.PiExponent.Cohomology.CurveZeroEuler (7.9s)
✔ [9499/9511] Built OAI.NumberTheory.PiExponent.Geometry.SectionCartierRegular (6.6s)
✔ [9500/9511] Built OAI.NumberTheory.PiExponent.Cohomology.FiniteZeroEuler (6.8s)
✔ [9501/9511] Built OAI.NumberTheory.PiExponent.Ampleness.NakaiSectionLifting (7.9s)
✔ [9502/9516] Built OAI.NumberTheory.PiExponent.Approximation.ClosedSectionLifting (7.8s)
✔ [9503/9517] Built OAI.NumberTheory.PiExponent.Geometry.FiniteCurveZeros (11s)
✔ [9504/9517] Built OAI.NumberTheory.PiExponent.Approximation.ClosedUnitKernel (8.2s)
✔ [9505/9517] Built OAI.NumberTheory.PiExponent.Approximation.MixedSectionExtension (15s)
✔ [9506/9517] Built OAI.NumberTheory.PiExponent.Cohomology.FiniteSupportCohomology (8.0s)
✔ [9507/9517] Built OAI.NumberTheory.PiExponent.Ampleness.AmpleThresholdPolynomial (7.3s)
✔ [9508/9517] Built OAI.NumberTheory.PiExponent.Ampleness.ComponentAmpleDescent (7.0s)
✔ [9509/9517] Built OAI.NumberTheory.PiExponent.Approximation.MixedFrameExtension (6.8s)
✔ [9510/9517] Built OAI.NumberTheory.PiExponent.Cohomology.FiniteLineEuler (9.4s)
✔ [9511/9517] Built OAI.NumberTheory.PiExponent.Ampleness.ReducedComponentAmple (6.8s)
✔ [9512/9519] Built OAI.NumberTheory.PiExponent.Ampleness.AmplePositiveTwist (6.4s)
✔ [9513/9519] Built OAI.NumberTheory.PiExponent.Ampleness.ZeroDimensionalAmple (6.3s)
✔ [9514/9519] Built OAI.NumberTheory.PiExponent.Ampleness.IntegralComponentAmple (6.0s)
✔ [9515/9519] Built OAI.NumberTheory.PiExponent.Ampleness.AmpleSlopeAlgebra (7.4s)
✔ [9516/9522] Built OAI.NumberTheory.PiExponent.Ampleness.AmpleSlopeTopology (6.3s)
✔ [9517/9523] Built OAI.NumberTheory.PiExponent.Approximation.SectionImageSupport (10s)
✔ [9518/9523] Built OAI.NumberTheory.PiExponent.Approximation.RegularSectionMono (6.9s)
✔ [9519/9524] Built OAI.NumberTheory.PiExponent.LocalAlgebra.AssociatedPrimeAvoidance (7.2s)
✔ [9520/9524] Built OAI.NumberTheory.PiExponent.Approximation.SectionZeroSupport (8.9s)
✔ [9521/9526] Built OAI.NumberTheory.PiExponent.Cohomology.CartierMixedEuler (11s)
✔ [9522/9526] Built OAI.NumberTheory.PiExponent.Approximation.RegularSectionChoice (7.8s)
✔ [9523/9529] Built OAI.NumberTheory.PiExponent.Cohomology.EulerSupportDimension (7.7s)
✔ [9524/9531] Built OAI.NumberTheory.PiExponent.Cohomology.EulerZeroDimensional (7.3s)
✔ [9525/9531] Built OAI.NumberTheory.PiExponent.Geometry.CartierDegreeLength (7.2s)
✔ [9526/9531] Built OAI.NumberTheory.PiExponent.Geometry.CurveEffectiveTwist (8.6s)
✔ [9527/9531] Built OAI.NumberTheory.PiExponent.Cohomology.LineCohomologyDimension (8.5s)
✔ [9528/9531] Built OAI.NumberTheory.PiExponent.Geometry.CurveMorphismFinite (6.1s)
✔ [9529/9534] Built OAI.NumberTheory.PiExponent.Geometry.CurveDegreeAdditivity (7.7s)
✔ [9530/9536] Built OAI.NumberTheory.PiExponent.Ampleness.NakaiBasepointFree (6.6s)
✔ [9531/9536] Built OAI.NumberTheory.PiExponent.Ampleness.AmpleCurveDegreePositive (7.3s)
✔ [9532/9537] Built OAI.NumberTheory.PiExponent.Ampleness.NakaiDivisorAmple (6.2s)
✔ [9533/9539] Built OAI.NumberTheory.PiExponent.Cohomology.CartierEulerPair (14s)
✔ [9534/9540] Built OAI.NumberTheory.PiExponent.Cohomology.EulerTwistTransport (6.6s)
✔ [9535/9540] Built OAI.NumberTheory.PiExponent.Cohomology.EulerRegularTwists (8.5s)
✔ [9536/9540] Built OAI.NumberTheory.PiExponent.Geometry.ProjectiveSpaceFinite (9.1s)
✔ [9537/9543] Built OAI.NumberTheory.PiExponent.Ampleness.NakaiStationarity (6.7s)
✔ [9538/9544] Built OAI.NumberTheory.PiExponent.Approximation.ConstantPullbackDegree (6.3s)
✔ [9539/9544] Built OAI.NumberTheory.PiExponent.Ampleness.NakaiEffectivity (6.4s)
✔ [9540/9544] Built OAI.NumberTheory.PiExponent.LocalAlgebra.FiniteFromClosedFibers (6.7s)
✔ [9541/9547] Built OAI.NumberTheory.PiExponent.Cohomology.EulerDifferencePolynomial (7.1s)
✔ [9542/9549] Built OAI.NumberTheory.PiExponent.Geometry.FiniteOfNoContractedCurves (6.5s)
✔ [9543/9549] Built OAI.NumberTheory.PiExponent.Cohomology.ProjectiveEmbeddingCohomologyBound (10s)
✔ [9544/9553] Built OAI.NumberTheory.PiExponent.Cohomology.EulerPolynomialInterpolation (6.2s)
✔ [9545/9553] Built OAI.NumberTheory.PiExponent.Ampleness.NakaiAmpleFromSections (6.9s)
✔ [9546/9553] Built OAI.NumberTheory.PiExponent.Cohomology.EulerRegularSections (7.5s)
✔ [9547/9553] Built OAI.NumberTheory.PiExponent.Cohomology.EulerCutoff (6.1s)
✔ [9548/9555] Built OAI.NumberTheory.PiExponent.Geometry.CurveDegreeLaws (6.3s)
✔ [9549/9557] Built OAI.NumberTheory.PiExponent.Ampleness.AmpleDivisorDimensionBase (6.7s)
✔ [9550/9557] Built OAI.NumberTheory.PiExponent.LocalAlgebra.IntegralAffineOpenDimension (8.1s)
✔ [9551/9557] Built OAI.NumberTheory.PiExponent.Cohomology.EulerPolynomialDegree (18s)
✔ [9552/9557] Built OAI.NumberTheory.PiExponent.LocalAlgebra.PrincipalQuotientDimension (2.6s)
✔ [9553/9558] Built OAI.NumberTheory.PiExponent.Ampleness.NakaiInductionStep (6.7s)
✔ [9554/9560] Built OAI.NumberTheory.PiExponent.Ampleness.AmpleDivisorDimension (6.8s)
✔ [9555/9560] Built OAI.NumberTheory.PiExponent.Approximation.NumericalSlopeInduction (6.6s)
✔ [9556/9560] Built OAI.NumberTheory.PiExponent.Cohomology.AmpleLineCohomology (6.8s)
✔ [9557/9566] Built OAI.NumberTheory.PiExponent.Approximation.NumericalThresholdStep (6.7s)
✔ [9558/9566] Built OAI.NumberTheory.PiExponent.Cohomology.MixedEulerCartier (12s)
✔ [9559/9566] Built OAI.NumberTheory.PiExponent.Cohomology.MixedEulerAlgebra (6.4s)
✔ [9560/9566] Built OAI.NumberTheory.PiExponent.Cohomology.MixedEulerPolarization (8.4s)
✔ [9561/9569] Built OAI.NumberTheory.PiExponent.Cohomology.MixedEulerCartierAmple (12s)
✔ [9562/9569] Built OAI.NumberTheory.PiExponent.Cohomology.MixedEulerDimension (7.6s)
✔ [9563/9569] Built OAI.NumberTheory.PiExponent.Geometry.GeneralCartierDegreeLength (7.3s)
✔ [9564/9569] Built OAI.NumberTheory.PiExponent.Cohomology.MixedEulerAmpleDimension (7.8s)
✔ [9565/9571] Built OAI.NumberTheory.PiExponent.Cohomology.CurveRegularEuler (6.3s)
✔ [9566/9571] Built OAI.NumberTheory.PiExponent.Cohomology.CurveTensorEuler (6.1s)
✔ [9567/9574] Built OAI.NumberTheory.PiExponent.Cohomology.MixedEulerRestriction (10s)
✔ [9568/9574] Built OAI.NumberTheory.PiExponent.Geometry.SectionZeroStalk (7.7s)
✔ [9569/9574] Built OAI.NumberTheory.PiExponent.Cohomology.MixedEulerPositivity (6.4s)
✔ [9570/9574] Built OAI.NumberTheory.PiExponent.Geometry.CurveComponentStalks (6.8s)
✔ [9571/9578] Built OAI.NumberTheory.PiExponent.Geometry.CurveLocalAssociativity (7.0s)
✔ [9572/9580] Built OAI.NumberTheory.PiExponent.Geometry.FromSpecStalkLocalIso (3.9s)
✔ [9573/9583] Built OAI.NumberTheory.PiExponent.Geometry.ReducedComponentStalk (7.3s)
✔ [9574/9586] Built OAI.NumberTheory.PiExponent.Geometry.CurveLocalMultiplicity (6.3s)
✔ [9575/9586] Built OAI.NumberTheory.PiExponent.Geometry.CurveCutQuotient (6.4s)
✔ [9576/9586] Built OAI.NumberTheory.PiExponent.Approximation.RegularComponentSection (6.0s)
✔ [9577/9586] Built OAI.NumberTheory.PiExponent.Geometry.CurveComponentLocalLengths (6.7s)
✔ [9578/9587] Built OAI.NumberTheory.PiExponent.Geometry.CurveComponentZeroPoints (15s)
✔ [9579/9591] Built OAI.NumberTheory.PiExponent.Geometry.CurveComponentsDimension (6.3s)
✔ [9580/9591] Built OAI.NumberTheory.PiExponent.Geometry.CurveComponentCutLengths (14s)
✔ [9581/9591] Built OAI.NumberTheory.PiExponent.Geometry.CurveComponentIncidence (10s)
✔ [9582/9591] Built OAI.NumberTheory.PiExponent.Cohomology.MixedEulerTop (6.8s)
✔ [9583/9591] Built OAI.NumberTheory.PiExponent.Polynomials.MixedSlopePolynomial (6.9s)
✔ [9584/9591] Built OAI.NumberTheory.PiExponent.Geometry.CurveCycleLengths (6.7s)
✔ [9585/9594] Built OAI.NumberTheory.PiExponent.Cohomology.MixedEulerSlope (6.8s)
✔ [9586/9594] Built OAI.NumberTheory.PiExponent.Cohomology.CurveCycleEuler (8.6s)
✔ [9587/9594] Built OAI.NumberTheory.PiExponent.Ampleness.NefAmple (8.5s)
✔ [9588/9594] Built OAI.NumberTheory.PiExponent.LocalAlgebra.InvertibleIdealAway (7.0s)
✔ [9589/9594] Built OAI.NumberTheory.PiExponent.Geometry.CurveCycleNumerical (6.6s)
✔ [9590/9594] Built OAI.NumberTheory.PiExponent.Ampleness.BlowupCurveMargin (7.5s)
✔ [9591/9596] Built OAI.NumberTheory.PiExponent.Cohomology.MixedEulerCurveMargin (6.9s)
✔ [9592/9596] Built OAI.NumberTheory.PiExponent.Cohomology.NumericalEulerSlopeInputs (7.6s)
✔ [9593/9596] Built OAI.NumberTheory.PiExponent.Geometry.CurveNormalizationDimension (9.1s)
✔ [9594/9597] Built OAI.NumberTheory.PiExponent.Geometry.CurveNormalizationOverlap (7.2s)
✔ [9595/9603] Built OAI.NumberTheory.PiExponent.Ampleness.NumericalAmplenessTheorem (6.6s)
✔ [9596/9607] Built OAI.NumberTheory.PiExponent.Cohomology.ProjectiveLineLaurent (2.9s)
✔ [9597/9607] Built OAI.NumberTheory.PiExponent.Geometry.ProjectiveLineProper (3.3s)
✔ [9598/9607] Built OAI.NumberTheory.PiExponent.Cohomology.PencilCohomologyLaurent (12s)
✔ [9599/9610] Built OAI.NumberTheory.PiExponent.Geometry.ProjectiveLineCharts (7.2s)
✔ [9600/9613] Built OAI.NumberTheory.PiExponent.Cohomology.PencilCohomologySections (25s)
✔ [9601/9613] Built OAI.NumberTheory.PiExponent.Geometry.ProjectiveLineReciprocal (6.6s)
✔ [9602/9614] Built OAI.NumberTheory.PiExponent.Cohomology.PencilCohomologyFiniteCharts (7.8s)
✔ [9603/9614] Built OAI.NumberTheory.PiExponent.Cohomology.PencilCohomologyCharts (16s)
✔ [9604/9614] Built OAI.NumberTheory.PiExponent.Geometry.ProjectivePencilScalars (10s)
✔ [9605/9614] Built OAI.NumberTheory.PiExponent.Geometry.CurveNormalizationProper (8.1s)
✔ [9606/9617] Built OAI.NumberTheory.PiExponent.Geometry.CurveModelPlaces (12s)
✔ [9607/9617] Built OAI.NumberTheory.PiExponent.Cohomology.PencilCohomologyPencil (9.4s)
✔ [9608/9617] Built OAI.NumberTheory.PiExponent.Geometry.CurveNormalizationNonaffine (6.9s)
✔ [9609/9617] Built OAI.NumberTheory.PiExponent.Cohomology.PencilCohomologyCech (17s)
✔ [9610/9617] Built OAI.NumberTheory.PiExponent.Cohomology.CurveNormalizationCohomology (9.6s)
✔ [9611/9618] Built OAI.NumberTheory.PiExponent.Geometry.CurveSectionDegree (6.8s)
✔ [9612/9619] Built OAI.NumberTheory.PiExponent.Cohomology.PencilCohomology (10s)
✔ [9613/9619] Built OAI.NumberTheory.PiExponent.Geometry.SectionOrderDivisor (7.2s)
✔ [9614/9619] Built OAI.NumberTheory.PiExponent.Geometry.BirationalValuationStalk (7.3s)
✔ [9615/9619] Built OAI.NumberTheory.PiExponent.Geometry.ProjectiveFinitePencil (15s)
✔ [9616/9622] Built OAI.NumberTheory.PiExponent.Geometry.CurveModelLocalOrder (12s)
✔ [9617/9622] Built OAI.NumberTheory.PiExponent.Geometry.CurveFunctionFieldCompatibility (6.7s)
✔ [9618/9627] Built OAI.NumberTheory.PiExponent.Ampleness.CurveNormalizationPolarization (11s)
✔ [9619/9631] Built OAI.NumberTheory.PiExponent.Geometry.CurvePlaceSectionDivisor (7.2s)
✔ [9620/9632] Built OAI.NumberTheory.PiExponent.Ampleness.AffineFunctionFieldCompatibility (8.0s)
✔ [9621/9632] Built OAI.NumberTheory.PiExponent.LocalAlgebra.LocalSectionOrder (7.2s)
✔ [9622/9634] Built OAI.NumberTheory.PiExponent.Jets.JetCenterIdentification (8.3s)
✔ [9623/9634] Built OAI.NumberTheory.PiExponent.Geometry.CurveChartFunctionField (7.3s)
✔ [9624/9634] Built OAI.NumberTheory.PiExponent.Geometry.CurveModelGenericPoint (7.9s)
✔ [9625/9634] Built OAI.NumberTheory.PiExponent.Jets.JetProductLocalization (6.7s)
✔ [9626/9634] Built OAI.NumberTheory.PiExponent.LocalAlgebra.LocalPullbackSectionOrder (7.4s)
✔ [9627/9635] Built OAI.NumberTheory.PiExponent.LocalAlgebra.PresentedIdealIso (9.3s)
✔ [9628/9636] Built OAI.NumberTheory.PiExponent.Geometry.CurveModelFieldEmbedding (11s)
✔ [9629/9636] Built OAI.NumberTheory.PiExponent.Cohomology.CurveTwoAffineVanishing (7.1s)
✔ [9630/9636] Built OAI.NumberTheory.PiExponent.Geometry.CurveModelInfinityGenericPoint (7.1s)
✔ [9631/9636] Built OAI.NumberTheory.PiExponent.Geometry.CurvePlaceCenter (7.2s)
✔ [9632/9640] Built OAI.NumberTheory.PiExponent.Cohomology.CurveFinitePushforwardCohomology (18s)
✔ [9633/9642] Built OAI.NumberTheory.PiExponent.Geometry.CurvePlaceCenterStalk (7.5s)
✔ [9634/9643] Built OAI.NumberTheory.PiExponent.Geometry.SupportedSheaf (6.5s)
✔ [9635/9643] Built OAI.NumberTheory.PiExponent.Geometry.CurvePlaceSectionOrder (6.6s)
✔ [9636/9645] Built OAI.NumberTheory.PiExponent.Geometry.CurveStalkGluing (7.1s)
✔ [9637/9645] Built OAI.NumberTheory.PiExponent.LocalAlgebra.FiniteSupportLocalIso (9.5s)
✔ [9638/9645] Built OAI.NumberTheory.PiExponent.Ampleness.ExceptionalCurveDegree (13s)
✔ [9639/9646] Built OAI.NumberTheory.PiExponent.Geometry.CurveFinitePushforwardCoherent (18s)
✔ [9640/9648] Built OAI.NumberTheory.PiExponent.Geometry.BirationalOpenIso (6.0s)
✔ [9641/9650] Built OAI.NumberTheory.PiExponent.Geometry.CurveNormalizationDegree (8.7s)
✔ [9642/9650] Built OAI.NumberTheory.PiExponent.Geometry.CurveGeometricFunctionField (7.7s)
✔ [9643/9650] Built OAI.NumberTheory.PiExponent.Geometry.CurveGlobalMonomial (7.9s)
✔ [9644/9650] Built OAI.NumberTheory.PiExponent.Geometry.CurveNormalizationUnit (6.7s)
✔ [9645/9650] Built OAI.NumberTheory.PiExponent.Cohomology.CurveNormalizationEuler (8.3s)
✔ [9646/9650] Built OAI.NumberTheory.PiExponent.Geometry.ProjectiveCurveTwoAffine (7.1s)
✔ [9647/9653] Built OAI.NumberTheory.PiExponent.Geometry.CurveNormalizationMorphism (7.3s)
✔ [9648/9656] Built OAI.NumberTheory.PiExponent.Geometry.CurveNormalizationInvariance (11s)
✔ [9649/9656] Built OAI.NumberTheory.PiExponent.Geometry.WeightedLocalSheaf (7.5s)
✔ [9650/9657] Built OAI.NumberTheory.PiExponent.Polynomials.WeightedMonomialPole (7.8s)
✔ [9651/9657] Built OAI.NumberTheory.PiExponent.Geometry.CurveNormalizationProjective (9.7s)
✔ [9652/9659] Built OAI.NumberTheory.PiExponent.Geometry.ProjectiveLocalCoefficients (8.4s)
✔ [9653/9664] Built OAI.NumberTheory.PiExponent.Approximation.WeightedSectionOrder (7.9s)
✔ [9654/9664] Built OAI.NumberTheory.PiExponent.Polynomials.CompositePullbackCoefficient (6.4s)
✔ [9655/9664] Built OAI.NumberTheory.PiExponent.Geometry.ProjectiveLatticePullback (6.5s)
✔ [9656/9665] Built OAI.NumberTheory.PiExponent.Polynomials.WeightedMonomialLattice (6.2s)
✔ [9657/9665] Built OAI.NumberTheory.PiExponent.Geometry.ProjectiveLatticeOrder (6.2s)
✔ [9658/9668] Built OAI.NumberTheory.PiExponent.Geometry.CurveGlobalMonomialLocal (7.1s)
✔ [9659/9668] Built OAI.NumberTheory.PiExponent.Ampleness.BlowupPresentationRestriction (6.6s)
✔ [9660/9668] Built OAI.NumberTheory.PiExponent.Polynomials.WeightedMonomialFamilyLattice (6.5s)
✔ [9661/9672] Built OAI.NumberTheory.PiExponent.Geometry.CurveGlobalCoordinateOrder (7.2s)
✔ [9662/9672] Built OAI.NumberTheory.PiExponent.Approximation.SectionDivision (7.9s)
✔ [9663/9672] Built OAI.NumberTheory.PiExponent.Geometry.WeightedProjectiveCurveDegree (7.5s)
✔ [9664/9672] Built OAI.NumberTheory.PiExponent.Approximation.MixedSectionOpenExtension (8.7s)
✔ [9665/9672] Built OAI.NumberTheory.PiExponent.Ampleness.ReesRelativeSections (8.8s)
✔ [9666/9672] Built OAI.NumberTheory.PiExponent.Geometry.CurveNormalizedDegreeTransfer (7.5s)
✔ [9667/9672] Built OAI.NumberTheory.PiExponent.Ampleness.RelativeAffineSectionAmple (7.1s)
✔ [9668/9674] Built OAI.NumberTheory.PiExponent.Ampleness.BlowupAffineSections (6.5s)
✔ [9669/9675] Built OAI.NumberTheory.PiExponent.Ampleness.AdmissibleBlowupMargin (6.8s)
✔ [9670/9678] Built OAI.NumberTheory.PiExponent.Ampleness.BlowupAmpleTwist (6.4s)
✔ [9671/9678] Built OAI.NumberTheory.PiExponent.Ampleness.CurveBlowupImageBase (6.7s)
✔ [9672/9678] Built OAI.NumberTheory.PiExponent.Geometry.CurveProperImageDimension (6.3s)
✔ [9673/9685] Built OAI.NumberTheory.PiExponent.Ampleness.AdmissibleBlowupPolarization (6.1s)
✔ [9674/9687] Built OAI.NumberTheory.PiExponent.LocalAlgebra.OpenIsoFunctionField (6.2s)
✔ [9675/9687] Built OAI.NumberTheory.PiExponent.Geometry.CurveImageOpenLocus (6.1s)
✔ [9676/9687] Built OAI.NumberTheory.PiExponent.Geometry.CurveImageAffineCoordinates (7.3s)
✔ [9677/9687] Built OAI.NumberTheory.PiExponent.Ampleness.GlobalBlowupJetSurjectivity (6.0s)
✔ [9678/9687] Built OAI.NumberTheory.PiExponent.Ampleness.CurveBlowupImage (6.7s)
✔ [9679/9690] Built OAI.NumberTheory.PiExponent.Geometry.CurveImageAffineChart (6.5s)
✔ [9680/9692] Built OAI.NumberTheory.PiExponent.Geometry.AdmissibleCurveImage (6.3s)
✔ [9681/9692] Built OAI.NumberTheory.PiExponent.Ampleness.ExceptionalPowerPresentation (9.0s)
✔ [9682/9693] Built OAI.NumberTheory.PiExponent.LocalAlgebra.IdealPullbackMap (6.7s)
✔ [9683/9693] Built OAI.NumberTheory.PiExponent.Geometry.AdmissibleCurveCoordinates (7.3s)
✔ [9684/9693] Built OAI.NumberTheory.PiExponent.LocalAlgebra.TwistLocalSections (6.3s)
✔ [9685/9693] Built OAI.NumberTheory.PiExponent.Ampleness.ExceptionalRecoveryMap (6.3s)
✔ [9686/9697] Built OAI.NumberTheory.PiExponent.Ampleness.FiniteAffineFrames (6.1s)
✔ [9687/9697] Built OAI.NumberTheory.PiExponent.Geometry.AdmissibleCurveModel (7.8s)
✔ [9688/9697] Built OAI.NumberTheory.PiExponent.Ampleness.ExceptionalRecoveryTwist (6.2s)
✔ [9689/9697] Built OAI.NumberTheory.PiExponent.Ampleness.AdmissibleCurveModelDegrees (6.6s)
✔ [9690/9697] Built OAI.NumberTheory.PiExponent.Approximation.PushforwardOpenSections (8.8s)
✔ [9691/9697] Built OAI.NumberTheory.PiExponent.Geometry.AdmissibleCurveDegreeData (6.1s)
✔ [9692/9697] Built OAI.NumberTheory.PiExponent.Approximation.PushforwardSectionComparison (7.8s)
✔ [9693/9699] Built OAI.NumberTheory.PiExponent.Ampleness.AdmissibleBlowupAmple (5.7s)
✔ [9694/9699] Built OAI.NumberTheory.PiExponent.Ampleness.FiniteReesComparison (6.1s)
✔ [9695/9699] Built OAI.NumberTheory.PiExponent.Ampleness.AdmissibleJetAmpleness (5.9s)
✔ [9696/9699] Built OAI.NumberTheory.PiExponent.Ampleness.ExceptionalRepresentedValue (6.1s)
✔ [9697/9702] Built OAI.NumberTheory.PiExponent.Ampleness.BlowupJetReesReduction (5.9s)
✔ [9698/9704] Built OAI.NumberTheory.PiExponent.Ampleness.ExceptionalChartPullbackValue (6.2s)
✔ [9699/9704] Built OAI.NumberTheory.PiExponent.Ampleness.ExceptionalRepresentedOpaque (6.3s)
✔ [9700/9704] Built OAI.NumberTheory.PiExponent.Ampleness.ReesPolynomialPresentation (6.8s)
✔ [9701/9705] Built OAI.NumberTheory.PiExponent.Ampleness.ExceptionalRepresentedTypes (6.4s)
✔ [9702/9705] Built OAI.NumberTheory.PiExponent.Ampleness.ReesFiniteCover (7.1s)
✔ [9703/9710] Built OAI.NumberTheory.PiExponent.Ampleness.ExceptionalTypedTransport (7.2s)
✔ [9704/9718] Built OAI.NumberTheory.PiExponent.Ampleness.ReesExceptionalSheaf (6.1s)
✔ [9705/9718] Built OAI.NumberTheory.PiExponent.Polynomials.GradedLocalizationExact (12s)
✔ [9706/9718] Built OAI.NumberTheory.PiExponent.Polynomials.NatToIntGrading (8.4s)
✔ [9707/9725] Built OAI.NumberTheory.PiExponent.LocalAlgebra.LocalizedAlgebraEvaluation (7.0s)
✔ [9708/9725] Built OAI.NumberTheory.PiExponent.Approximation.AdditiveKernelTransport (6.9s)
✔ [9709/9725] Built OAI.NumberTheory.PiExponent.Cohomology.GradedCech (16s)
✔ [9710/9727] Built OAI.NumberTheory.PiExponent.Cohomology.CechZeroAdditive (6.6s)
✔ [9711/9727] Built OAI.NumberTheory.PiExponent.Cohomology.TupleCechBound (1.0s)
✔ [9712/9728] Built OAI.NumberTheory.PiExponent.Cohomology.GradedPolynomialLaurent (11s)
✔ [9713/9730] Built OAI.NumberTheory.PiExponent.Cohomology.GradedCechBound (8.2s)
✔ [9714/9730] Built OAI.NumberTheory.PiExponent.Ampleness.ReesGradedModule (7.0s)
✔ [9715/9730] Built OAI.NumberTheory.PiExponent.Cohomology.GradedCechRecovery (6.0s)
✔ [9716/9731] Built OAI.NumberTheory.PiExponent.Polynomials.HomogeneousSubmoduleGrading (9.9s)
✔ [9717/9735] Built OAI.NumberTheory.PiExponent.Cohomology.GradedCechExactness (9.3s)
✔ [9718/9737] Built OAI.NumberTheory.PiExponent.Ampleness.ReesLocalizedChart (21s)
✔ [9719/9737] Built OAI.NumberTheory.PiExponent.Polynomials.GradedLocalizationFree (8.4s)
✔ [9720/9738] Built OAI.NumberTheory.PiExponent.Cohomology.GradedPolynomialCech (13s)
✔ [9721/9738] Built OAI.NumberTheory.PiExponent.Cohomology.ReesCechInjectivity (8.8s)
✔ [9722/9738] Built OAI.NumberTheory.PiExponent.Ampleness.ReesLocalizedIntersections (13s)
✔ [9723/9738] Built OAI.NumberTheory.PiExponent.Cohomology.ReesCohomologySetup (7.1s)
✔ [9724/9738] Built OAI.NumberTheory.PiExponent.Cohomology.GradedFreeCech (15s)
✔ [9725/9740] Built OAI.NumberTheory.PiExponent.Ampleness.ReesProductChart (11s)
✔ [9726/9740] Built OAI.NumberTheory.PiExponent.Polynomials.GradedSerreStep (10s)
✔ [9727/9740] Built OAI.NumberTheory.PiExponent.Ampleness.ReesProductSchemeChart (11s)
✔ [9728/9740] Built OAI.NumberTheory.PiExponent.Ampleness.ReesProductPower (18s)
✔ [9729/9740] Built OAI.NumberTheory.PiExponent.Ampleness.ExceptionalTypedRestriction (6.5s)
✔ [9730/9740] Built OAI.NumberTheory.PiExponent.Cohomology.GradedSerreVanishing (7.2s)
✔ [9731/9740] Built OAI.NumberTheory.PiExponent.Ampleness.ReesProductAugmentation (6.7s)
✔ [9732/9744] Built OAI.NumberTheory.PiExponent.Ampleness.ExceptionalTypedTransportNaturality (6.9s)
✔ [9733/9748] Built OAI.NumberTheory.PiExponent.Ampleness.ReesProductFrames (19s)
✔ [9734/9748] Built OAI.NumberTheory.PiExponent.Cohomology.ReesCechRecovery (8.7s)
✔ [9735/9748] Built OAI.NumberTheory.PiExponent.Ampleness.ReesProductRestriction (11s)
✔ [9736/9748] Built OAI.NumberTheory.PiExponent.Ampleness.ReesFixedChart (8.2s)
✔ [9737/9748] Built OAI.NumberTheory.PiExponent.Approximation.AddEquivSignedSum (6.0s)
✔ [9738/9748] Built OAI.NumberTheory.PiExponent.Ampleness.ReesProductSchemeRestriction (6.0s)
✔ [9739/9751] Built OAI.NumberTheory.PiExponent.Ampleness.ReesFixedPower (9.7s)
✔ [9740/9753] Built OAI.NumberTheory.PiExponent.Ampleness.ReesFixedFrames (11s)
✔ [9741/9753] Built OAI.NumberTheory.PiExponent.Ampleness.ReesFixedRestriction (9.1s)
✔ [9742/9755] Built OAI.NumberTheory.PiExponent.LocalAlgebra.IdealSectionRestriction (7.4s)
✔ [9743/9755] Built OAI.NumberTheory.PiExponent.Cohomology.ReesSheafCechBase (11s)
✔ [9744/9755] Built OAI.NumberTheory.PiExponent.LocalAlgebra.AffineIdealSections (6.9s)
✔ [9745/9755] Built OAI.NumberTheory.PiExponent.Ampleness.ReesFixedPowerRestriction (7.4s)
✔ [9746/9755] Built OAI.NumberTheory.PiExponent.LocalAlgebra.IdealPullbackOpenSquare (6.9s)
✔ [9747/9755] Built OAI.NumberTheory.PiExponent.LocalAlgebra.IdealFiniteGenerators (6.1s)
✔ [9748/9762] Built OAI.NumberTheory.PiExponent.Ampleness.ReesSectionInclusion (11s)
✔ [9749/9762] Built OAI.NumberTheory.PiExponent.Cohomology.ReesSheafCechNaturality (8.6s)
✔ [9750/9762] Built OAI.NumberTheory.PiExponent.Geometry.CanonicalRecoveryProperties (6.2s)
✔ [9751/9762] Built OAI.NumberTheory.PiExponent.Ampleness.GlobalExceptionalComparison (6.7s)
✔ [9752/9762] Built OAI.NumberTheory.PiExponent.Approximation.CanonicalAffineRecovery (6.3s)
✔ [9753/9762] Built OAI.NumberTheory.PiExponent.Ampleness.GlobalBlowupAffineSquare (6.5s)
✔ [9754/9764] Built OAI.NumberTheory.PiExponent.Ampleness.GlobalReesRecoveryComparison (6.8s)
✔ [9755/9766] Built OAI.NumberTheory.PiExponent.Cohomology.ReesSheafCechRecovery (25s)
✔ [9756/9766] Built OAI.NumberTheory.PiExponent.Analysis.AnalyticCollision (7.8s)
✔ [9757/9766] Built OAI.NumberTheory.PiExponent.Ampleness.ReesSheafCanonicalValue (6.9s)
✔ [9758/9766] Built OAI.NumberTheory.PiExponent.Analysis.CollisionCombinatorics (6.9s)
✔ [9759/9770] Built OAI.NumberTheory.PiExponent.Analysis.AnalyticRowSeries (6.0s)
✔ [9760/9770] Built OAI.NumberTheory.PiExponent.Ampleness.AffineReesCanonicalRecovery (6.2s)
✔ [9761/9770] Built OAI.NumberTheory.PiExponent.Analysis.CollisionExponential (6.8s)
✔ [9762/9771] Built OAI.NumberTheory.PiExponent.Analysis.CollisionGeometricSum (6.5s)
✔ [9763/9773] Built OAI.NumberTheory.PiExponent.Ampleness.GlobalReesCanonicalRecovery (6.1s)
✔ [9764/9773] Built OAI.NumberTheory.PiExponent.Analysis.FiniteDeterminantCollision (7.7s)
✔ [9765/9775] Built OAI.NumberTheory.PiExponent.Analysis.LogTailAnalytic (8.6s)
✔ [9766/9775] Built OAI.NumberTheory.PiExponent.Ampleness.BlowupJetSurjectivityComplete (6.4s)
✔ [9767/9777] Built OAI.NumberTheory.PiExponent.Approximation.MatrixTranslation (9.9s)
✔ [9768/9777] Built OAI.NumberTheory.PiExponent.Analysis.CollisionLimit (6.8s)
✔ [9769/9777] Built OAI.NumberTheory.PiExponent.Polynomials.SimplexLog (7.9s)
✔ [9770/9777] Built OAI.NumberTheory.PiExponent.Jets.AdmissibleJetSurjectivity (7.6s)
✔ [9771/9780] Built OAI.NumberTheory.PiExponent.Analysis.CollisionOccupancy (6.5s)
✔ [9772/9780] Built OAI.NumberTheory.PiExponent.Analysis.PeriodAnalytic (8.1s)
✔ [9773/9782] Built OAI.NumberTheory.PiExponent.Analysis.AnalyticDeterminantCollision (6.7s)
✔ [9774/9782] Built OAI.NumberTheory.PiExponent.Approximation.AdmissibleMatrixGeometry (6.5s)
✔ [9775/9782] Built OAI.NumberTheory.PiExponent.Approximation.ApproximationCenters (6.9s)
✔ [9776/9782] Built OAI.NumberTheory.PiExponent.Analysis.Collision (6.7s)
✔ [9777/9782] Built OAI.NumberTheory.PiExponent.Analysis.TranslationCountLimit (6.7s)
✔ [9778/9784] Built OAI.NumberTheory.PiExponent.Approximation.MatrixTranslationBounds (10s)
✔ [9779/9785] Built OAI.NumberTheory.PiExponent.Analysis.DyadicPowers (2.8s)
✔ [9780/9787] Built OAI.NumberTheory.PiExponent.Analysis.DyadicSummation (2.2s)
✔ [9781/9789] Built OAI.NumberTheory.PiExponent.Analysis.DeterminantAnalyticBound (15s)
✔ [9782/9789] Built OAI.NumberTheory.PiExponent.Analysis.FiniteSpacing (6.7s)
✔ [9784/9792] Built OAI.NumberTheory.PiExponent.Analysis.FlintHills (2.8s)
✔ [9785/9792] Built OAI.NumberTheory.PiExponent.Analysis.LiteralAnalyticSummand (9.6s)
✔ [9786/9792] Built OAI.NumberTheory.PiExponent.Analysis.DyadicSpacing (7.8s)
✔ [9787/9792] Built OAI.NumberTheory.PiExponent.Approximation.Exponent (7.9s)
✔ [9788/9792] Built OAI.NumberTheory.PiExponent.Analysis.FlintSine (14s)
✔ [9789/9792] Built OAI.NumberTheory.PiExponent.Analysis.AnalyticAggregate (7.0s)
✔ [9790/9792] Built OAI.NumberTheory.PiExponent.Analysis.FlintConsequence (14s)
✔ [9791/9792] Built OAI.NumberTheory.PiExponent.Approximation.InterpolationConsequence (5.8s)
✔ [9792/9792] Built OAI.NumberTheory.PiExponent.Main (6.0s)
Build completed successfully (9792 jobs).
Exporting #[Quot, Quot.mk, Quot.lift, Quot.ind, OAI.PiExponent.main, propext, Quot.sound, Classical.choice, Nat.add, Nat.sub, Nat.mul, Nat.pow, Nat.gcd, Nat.div, Nat.mod, Nat.beq, Nat.ble, Nat.land, Nat.lor, Nat.xor, Nat.shiftLeft, Nat.shiftRight, String.ofList, Char.ofNat, List, eagerReduce, Nat, String, String.mk, Char, optParam, autoParam, semiOutParam, outParam] from OAI.NumberTheory.PiExponent.Main
Running Lean default kernel on solution.
Lean default kernel accepts the solution
Your solution is okay!
          Finished with result: success
Main processes terminated with: code=exited, status=0/SUCCESS
               Service runtime: 1h 19min 9.293s
             CPU time consumed: 2h 37min 29.099s
                   Memory peak: 11G (swap: 166.2M)
